Component: ARM Compiler 5.06 update 5 (build 528) Tool: armlink [4d35e2]

==============================================================================

Section Cross References

    startup_stm32f10x_md.o(RESET) refers to startup_stm32f10x_md.o(STACK) for __initial_sp
    startup_stm32f10x_md.o(RESET) refers to startup_stm32f10x_md.o(.text) for Reset_Handler
    startup_stm32f10x_md.o(RESET) refers to stm32f10x_it.o(i.NMI_Handler) for NMI_Handler
    startup_stm32f10x_md.o(RESET) refers to context_rvds.o(.text) for HardFault_Handler
    startup_stm32f10x_md.o(RESET) refers to stm32f10x_it.o(i.MemManage_Handler) for MemManage_Handler
    startup_stm32f10x_md.o(RESET) refers to stm32f10x_it.o(i.BusFault_Handler) for BusFault_Handler
    startup_stm32f10x_md.o(RESET) refers to stm32f10x_it.o(i.UsageFault_Handler) for UsageFault_Handler
    startup_stm32f10x_md.o(RESET) refers to stm32f10x_it.o(i.SVC_Handler) for SVC_Handler
    startup_stm32f10x_md.o(RESET) refers to stm32f10x_it.o(i.DebugMon_Handler) for DebugMon_Handler
    startup_stm32f10x_md.o(RESET) refers to board.o(i.SysTick_Handler) for SysTick_Handler
    startup_stm32f10x_md.o(.text) refers to system_stm32f10x.o(i.SystemInit) for SystemInit
    startup_stm32f10x_md.o(.text) refers to entry.o(.ARM.Collect$$$$00000000) for __main
    system_stm32f10x.o(i.SetSysClock) refers to system_stm32f10x.o(i.SetSysClockTo72) for SetSysClockTo72
    system_stm32f10x.o(i.SystemCoreClockUpdate) refers to system_stm32f10x.o(.data) for SystemCoreClock
    system_stm32f10x.o(i.SystemInit) refers to system_stm32f10x.o(i.SetSysClock) for SetSysClock
    stm32f10x_adc.o(i.ADC_DeInit) refers to stm32f10x_rcc.o(i.RCC_APB2PeriphResetCmd) for RCC_APB2PeriphResetCmd
    stm32f10x_bkp.o(i.BKP_DeInit) refers to stm32f10x_rcc.o(i.RCC_BackupResetCmd) for RCC_BackupResetCmd
    stm32f10x_can.o(i.CAN_DeInit) refers to stm32f10x_rcc.o(i.RCC_APB1PeriphResetCmd) for RCC_APB1PeriphResetCmd
    stm32f10x_can.o(i.CAN_GetITStatus) refers to stm32f10x_can.o(i.CheckITStatus) for CheckITStatus
    stm32f10x_cec.o(i.CEC_DeInit) refers to stm32f10x_rcc.o(i.RCC_APB1PeriphResetCmd) for RCC_APB1PeriphResetCmd
    stm32f10x_dac.o(i.DAC_DeInit) refers to stm32f10x_rcc.o(i.RCC_APB1PeriphResetCmd) for RCC_APB1PeriphResetCmd
    stm32f10x_flash.o(i.FLASH_EnableWriteProtection) refers to stm32f10x_flash.o(i.FLASH_WaitForLastOperation) for FLASH_WaitForLastOperation
    stm32f10x_flash.o(i.FLASH_EraseAllBank1Pages) refers to stm32f10x_flash.o(i.FLASH_WaitForLastBank1Operation) for FLASH_WaitForLastBank1Operation
    stm32f10x_flash.o(i.FLASH_EraseAllPages) refers to stm32f10x_flash.o(i.FLASH_WaitForLastOperation) for FLASH_WaitForLastOperation
    stm32f10x_flash.o(i.FLASH_EraseOptionBytes) refers to stm32f10x_flash.o(i.FLASH_GetReadOutProtectionStatus) for FLASH_GetReadOutProtectionStatus
    stm32f10x_flash.o(i.FLASH_EraseOptionBytes) refers to stm32f10x_flash.o(i.FLASH_WaitForLastOperation) for FLASH_WaitForLastOperation
    stm32f10x_flash.o(i.FLASH_ErasePage) refers to stm32f10x_flash.o(i.FLASH_WaitForLastOperation) for FLASH_WaitForLastOperation
    stm32f10x_flash.o(i.FLASH_ProgramHalfWord) refers to stm32f10x_flash.o(i.FLASH_WaitForLastOperation) for FLASH_WaitForLastOperation
    stm32f10x_flash.o(i.FLASH_ProgramOptionByteData) refers to stm32f10x_flash.o(i.FLASH_WaitForLastOperation) for FLASH_WaitForLastOperation
    stm32f10x_flash.o(i.FLASH_ProgramWord) refers to stm32f10x_flash.o(i.FLASH_WaitForLastOperation) for FLASH_WaitForLastOperation
    stm32f10x_flash.o(i.FLASH_ReadOutProtection) refers to stm32f10x_flash.o(i.FLASH_WaitForLastOperation) for FLASH_WaitForLastOperation
    stm32f10x_flash.o(i.FLASH_UserOptionByteConfig) refers to stm32f10x_flash.o(i.FLASH_WaitForLastOperation) for FLASH_WaitForLastOperation
    stm32f10x_flash.o(i.FLASH_WaitForLastBank1Operation) refers to stm32f10x_flash.o(i.FLASH_GetBank1Status) for FLASH_GetBank1Status
    stm32f10x_flash.o(i.FLASH_WaitForLastOperation) refers to stm32f10x_flash.o(i.FLASH_GetBank1Status) for FLASH_GetBank1Status
    stm32f10x_gpio.o(i.GPIO_AFIODeInit) refers to stm32f10x_rcc.o(i.RCC_APB2PeriphResetCmd) for RCC_APB2PeriphResetCmd
    stm32f10x_gpio.o(i.GPIO_DeInit) refers to stm32f10x_rcc.o(i.RCC_APB2PeriphResetCmd) for RCC_APB2PeriphResetCmd
    stm32f10x_i2c.o(i.I2C_DeInit) refers to stm32f10x_rcc.o(i.RCC_APB1PeriphResetCmd) for RCC_APB1PeriphResetCmd
    stm32f10x_i2c.o(i.I2C_Init) refers to stm32f10x_rcc.o(i.RCC_GetClocksFreq) for RCC_GetClocksFreq
    stm32f10x_pwr.o(i.PWR_DeInit) refers to stm32f10x_rcc.o(i.RCC_APB1PeriphResetCmd) for RCC_APB1PeriphResetCmd
    stm32f10x_rcc.o(i.RCC_GetClocksFreq) refers to stm32f10x_rcc.o(.data) for APBAHBPrescTable
    stm32f10x_rcc.o(i.RCC_WaitForHSEStartUp) refers to stm32f10x_rcc.o(i.RCC_GetFlagStatus) for RCC_GetFlagStatus
    stm32f10x_rtc.o(i.RTC_SetAlarm) refers to stm32f10x_rtc.o(i.RTC_EnterConfigMode) for RTC_EnterConfigMode
[...]
    Removing stm32f10x_usart.o(i.USART_OneBitMethodCmd), (24 bytes).
    Removing stm32f10x_usart.o(i.USART_OverSampling8Cmd), (22 bytes).
    Removing stm32f10x_usart.o(i.USART_ReceiveData), (10 bytes).
    Removing stm32f10x_usart.o(i.USART_ReceiverWakeUpCmd), (24 bytes).
    Removing stm32f10x_usart.o(i.USART_SendBreak), (10 bytes).
    Removing stm32f10x_usart.o(i.USART_SendData), (8 bytes).
    Removing stm32f10x_usart.o(i.USART_SetAddress), (18 bytes).
    Removing stm32f10x_usart.o(i.USART_SetGuardTime), (16 bytes).
    Removing stm32f10x_usart.o(i.USART_SetPrescaler), (16 bytes).
    Removing stm32f10x_usart.o(i.USART_SmartCardCmd), (24 bytes).
    Removing stm32f10x_usart.o(i.USART_SmartCardNACKCmd), (24 bytes).
    Removing stm32f10x_usart.o(i.USART_StructInit), (24 bytes).
    Removing stm32f10x_usart.o(i.USART_WakeUpConfig), (18 bytes).
    Removing stm32f10x_wwdg.o(i.WWDG_ClearFlag), (12 bytes).
    Removing stm32f10x_wwdg.o(i.WWDG_DeInit), (22 bytes).
    Removing stm32f10x_wwdg.o(i.WWDG_Enable), (16 bytes).
    Removing stm32f10x_wwdg.o(i.WWDG_EnableIT), (12 bytes).
    Removing stm32f10x_wwdg.o(i.WWDG_GetFlagStatus), (12 bytes).
    Removing stm32f10x_wwdg.o(i.WWDG_SetCounter), (16 bytes).
    Removing stm32f10x_wwdg.o(i.WWDG_SetPrescaler), (24 bytes).
    Removing stm32f10x_wwdg.o(i.WWDG_SetWindowValue), (40 bytes).
    Removing motor.o(i.motor_back), (48 bytes).
    Removing motor.o(i.motor_check), (72 bytes).
    Removing motor.o(i.motor_left), (48 bytes).
    Removing motor.o(i.motor_right), (48 bytes).
    Removing motor.o(i.motor_stop), (48 bytes).
    Removing oled.o(i.OLED_Clear), (42 bytes).
    Removing oled.o(i.OLED_I2C_Init), (64 bytes).
    Removing oled.o(i.OLED_I2C_SendByte), (84 bytes).
    Removing oled.o(i.OLED_I2C_Start), (52 bytes).
    Removing oled.o(i.OLED_I2C_Stop), (40 bytes).
    Removing oled.o(i.OLED_Init), (174 bytes).
    Removing oled.o(i.OLED_Pow), (20 bytes).
    Removing oled.o(i.OLED_SetCursor), (34 bytes).
    Removing oled.o(i.OLED_ShowBinNum), (62 bytes).
    Removing oled.o(i.OLED_ShowChar), (116 bytes).
    Removing oled.o(i.OLED_ShowHexNum), (84 bytes).
    Removing oled.o(i.OLED_ShowNum), (68 bytes).
    Removing oled.o(i.OLED_ShowSignedNum), (102 bytes).
    Removing oled.o(i.OLED_ShowString), (40 bytes).
    Removing oled.o(i.OLED_WriteCommand), (32 bytes).
    Removing oled.o(i.OLED_WriteData), (32 bytes).
    Removing oled.o(.constdata), (1520 bytes).
    Removing gray.o(i.MyI2C_R_SDA), (28 bytes).
    Removing gray.o(i.MyI2C_W_SCL), (28 bytes).
    Removing gray.o(i.MyI2C_W_SDA), (28 bytes).
    Removing gray.o(i.get_gray_value), (10 bytes).
    Removing gray.o(i.gray_read_reg), (62 bytes).
    Removing gray.o(i.gray_write_reg), (46 bytes).
    Removing gray.o(i.myiic_receive_ack), (30 bytes).
    Removing gray.o(i.myiic_receive_byte), (52 bytes).
    Removing gray.o(i.myiic_send_ack), (24 bytes).
    Removing gray.o(i.myiic_send_byte), (42 bytes).
    Removing gray.o(i.myiic_start), (28 bytes).
    Removing gray.o(i.myiic_stop), (22 bytes).
    Removing key.o(i.key_scan), (120 bytes).
    Removing led.o(i.led1_off), (16 bytes).
    Removing led.o(i.led1_on), (16 bytes).
    Removing led.o(i.led2_off), (16 bytes).
    Removing led.o(i.led2_on), (16 bytes).
    Removing led.o(i.led_init), (40 bytes).
    Removing beep.o(i.beep_off), (20 bytes).
    Removing beep.o(i.beep_on), (20 bytes).
    Removing usart.o(i.Serial_Pow), (20 bytes).
    Removing usart.o(i.Serial_Printf), (36 bytes).
    Removing usart.o(i.Serial_SendArray), (26 bytes).
    Removing usart.o(i.Serial_SendByte), (32 bytes).
    Removing usart.o(i.Serial_SendNumber), (58 bytes).
    Removing usart.o(i.Serial_SendString), (26 bytes).
    Removing usart.o(i.fputc), (16 bytes).
    Removing usart.o(i.usart_init), (132 bytes).
    Removing usart.o(i.usart_receive), (16 bytes).
    Removing control.o(i.gray_bias), (112 bytes).
    Removing pid.o(i.pid_position), (90 bytes).
    Removing delay.o(i.delay_ms), (24 bytes).
    Removing delay.o(i.delay_s), (24 bytes).
    Removing delay.o(i.delay_us), (28 bytes).
    Removing clock.o(i.rt_system_tick_init), (2 bytes).
    Removing clock.o(i.rt_tick_from_millisecond), (56 bytes).
    Removing clock.o(i.rt_tick_set), (28 bytes).
    Removing idle.o(i.rt_thread_idle_gethandler), (8 bytes).
    Removing ipc.o(i.rt_ipc_list_resume_all), (50 bytes).
    Removing ipc.o(i.rt_mb_control), (66 bytes).
    Removing ipc.o(i.rt_mb_create), (82 bytes).
    Removing ipc.o(i.rt_mb_delete), (36 bytes).
    Removing ipc.o(i.rt_mb_detach), (30 bytes).
    Removing ipc.o(i.rt_mb_init), (62 bytes).
    Removing ipc.o(i.rt_mb_recv), (250 bytes).
    Removing ipc.o(i.rt_mb_send), (18 bytes).
    Removing ipc.o(i.rt_mb_send_wait), (270 bytes).
    Removing ipc.o(i.rt_mq_control), (90 bytes).
    Removing ipc.o(i.rt_mq_create), (136 bytes).
    Removing ipc.o(i.rt_mq_delete), (36 bytes).
    Removing ipc.o(i.rt_mq_detach), (30 bytes).
    Removing ipc.o(i.rt_mq_init), (114 bytes).
    Removing ipc.o(i.rt_mq_recv), (290 bytes).
    Removing ipc.o(i.rt_mq_send), (22 bytes).
    Removing ipc.o(i.rt_mq_send_wait), (300 bytes).
    Removing ipc.o(i.rt_mq_urgent), (156 bytes).
    Removing ipc.o(i.rt_sem_control), (54 bytes).
    Removing ipc.o(i.rt_sem_create), (42 bytes).
    Removing ipc.o(i.rt_sem_delete), (22 bytes).
    Removing ipc.o(i.rt_sem_detach), (22 bytes).
    Removing ipc.o(i.rt_sem_trytake), (14 bytes).
    Removing irq.o(i.rt_interrupt_get_nest), (28 bytes).
    Removing kservice.o(i._rt_errno), (36 bytes).
    Removing kservice.o(i.rt_free_align), (16 bytes).
    Removing kservice.o(i.rt_get_errno), (36 bytes).
    Removing kservice.o(i.rt_kputs), (18 bytes).
    Removing kservice.o(i.rt_malloc_align), (70 bytes).
    Removing kservice.o(i.rt_memcmp), (38 bytes).
    Removing kservice.o(i.rt_memcpy), (124 bytes).
    Removing kservice.o(i.rt_memmove), (66 bytes).
    Removing kservice.o(i.rt_set_errno), (40 bytes).
    Removing kservice.o(i.rt_snprintf), (38 bytes).
    Removing kservice.o(i.rt_sprintf), (34 bytes).
    Removing kservice.o(i.rt_strcasecmp), (48 bytes).
    Removing kservice.o(i.rt_strcmp), (28 bytes).
    Removing kservice.o(i.rt_strdup), (40 bytes).
    Removing kservice.o(i.rt_strlen), (18 bytes).
    Removing kservice.o(i.rt_strncmp), (40 bytes).
    Removing kservice.o(i.rt_strnlen), (24 bytes).
    Removing kservice.o(i.rt_strstr), (58 bytes).
    Removing kservice.o(i.rt_vsprintf), (22 bytes).
    Removing kservice.o(.data), (4 bytes).
    Removing mem.o(i.rt_calloc), (34 bytes).
    Removing mem.o(i.rt_memory_info), (40 bytes).
    Removing mem.o(i.rt_realloc), (312 bytes).
    Removing object.o(i.rt_object_find), (82 bytes).
    Removing object.o(i.rt_object_get_length), (58 bytes).
    Removing object.o(i.rt_object_get_pointers), (86 bytes).
    Removing object.o(i.rt_object_get_type), (10 bytes).
    Removing object.o(i.rt_system_object_init), (2 bytes).
    Removing scheduler.o(i.rt_critical_level), (12 bytes).
    Removing thread.o(i.rt_thread_control), (136 bytes).
    Removing thread.o(i.rt_thread_delay_until), (110 bytes).
    Removing thread.o(i.rt_thread_delete), (88 bytes).
    Removing thread.o(i.rt_thread_detach), (104 bytes).
    Removing thread.o(i.rt_thread_find), (14 bytes).
    Removing thread.o(i.rt_thread_mdelay), (20 bytes).
    Removing timer.o(i.rt_timer_create), (54 bytes).
    Removing timer.o(i.rt_timer_delete), (40 bytes).
    Removing timer.o(i.rt_timer_list_next_timeout), (44 bytes).
    Removing timer.o(i.rt_timer_next_timeout_tick), (16 bytes).
    Removing cpuport.o(i.rt_hw_cpu_reset), (16 bytes).
    Removing cpuport.o(i.rt_hw_cpu_shutdown), (28 bytes).
    Removing cpuport.o(i.rt_hw_exception_install), (12 bytes).
    Removing fflti.o(.text), (18 bytes).
    Removing dadd.o(.text), (334 bytes).
    Removing dmul.o(.text), (228 bytes).
    Removing ddiv.o(.text), (222 bytes).
    Removing dfixul.o(.text), (48 bytes).
    Removing cdrcmple.o(.text), (48 bytes).
    Removing depilogue.o(.text), (186 bytes).

581 unused section(s) (total 27560 bytes) removed from the image.

==============================================================================

Image Symbol Table

    Local Symbols

    Symbol Name                              Value     Ov Type        Size  Object(Section)

    ../clib/../cmprslib/zerorunl2.c          0x00000000   Number         0  __dczerorl2.o ABSOLUTE
    ../clib/microlib/division.c              0x00000000   Number         0  uidiv.o ABSOLUTE
    ../clib/microlib/division.c              0x00000000   Number         0  uldiv.o ABSOLUTE
    ../clib/microlib/init/entry.s            0x00000000   Number         0  entry9b.o ABSOLUTE
    ../clib/microlib/init/entry.s            0x00000000   Number         0  entry8a.o ABSOLUTE
    ../clib/microlib/init/entry.s            0x00000000   Number         0  entry7a.o ABSOLUTE
    ../clib/microlib/init/entry.s            0x00000000   Number         0  entry7b.o ABSOLUTE
    ../clib/microlib/init/entry.s            0x00000000   Number         0  entry5.o ABSOLUTE
    ../clib/microlib/init/entry.s            0x00000000   Number         0  entry11a.o ABSOLUTE
    ../clib/microlib/init/entry.s            0x00000000   Number         0  entry.o ABSOLUTE
    ../clib/microlib/init/entry.s            0x00000000   Number         0  entry2.o ABSOLUTE
    ../clib/microlib/init/entry.s            0x00000000   Number         0  entry11b.o ABSOLUTE
    ../clib/microlib/init/entry.s            0x00000000   Number         0  entry9a.o ABSOLUTE
    ../clib/microlib/init/entry.s            0x00000000   Number         0  entry8b.o ABSOLUTE
    ../clib/microlib/init/entry.s            0x00000000   Number         0  entry10b.o ABSOLUTE
    ../clib/microlib/init/entry.s            0x00000000   Number         0  entry10a.o ABSOLUTE
    ../clib/microlib/longlong.c              0x00000000   Number         0  llshl.o ABSOLUTE
    ../clib/microlib/longlong.c              0x00000000   Number         0  llushr.o ABSOLUTE
    ../clib/microlib/longlong.c              0x00000000   Number         0  llsshr.o ABSOLUTE
    ../clib/microlib/printf/printf.c         0x00000000   Number         0  printfa.o ABSOLUTE
    ../clib/microlib/stdio/streams.c         0x00000000   Number         0  stdout.o ABSOLUTE
    ../clib/microlib/string/memcpy.c         0x00000000   Number         0  memcpya.o ABSOLUTE
    ../clib/microlib/string/memcpy.c         0x00000000   Number         0  memcpyb.o ABSOLUTE
    ../clib/microlib/stubs.s                 0x00000000   Number         0  iusefp.o ABSOLUTE
    ../fplib/microlib/fpadd.c                0x00000000   Number         0  dadd.o ABSOLUTE
    ../fplib/microlib/fpadd.c                0x00000000   Number         0  fadd.o ABSOLUTE
    ../fplib/microlib/fpdiv.c                0x00000000   Number         0  ddiv.o ABSOLUTE
    ../fplib/microlib/fpepilogue.c           0x00000000   Number         0  fepilogue.o ABSOLUTE
    ../fplib/microlib/fpepilogue.c           0x00000000   Number         0  depilogue.o ABSOLUTE
    ../fplib/microlib/fpfix.c                0x00000000   Number         0  ffixi.o ABSOLUTE
    ../fplib/microlib/fpfix.c                0x00000000   Number         0  dfixul.o ABSOLUTE
    ../fplib/microlib/fpflt.c                0x00000000   Number         0  ffltui.o ABSOLUTE
    ../fplib/microlib/fpflt.c                0x00000000   Number         0  fflti.o ABSOLUTE
    ../fplib/microlib/fpmul.c                0x00000000   Number         0  fmul.o ABSOLUTE
    ../fplib/microlib/fpmul.c                0x00000000   Number         0  dmul.o ABSOLUTE
    Board\board.c                            0x00000000   Number         0  board.o ABSOLUTE
    Board\main.c                             0x00000000   Number         0  main.o ABSOLUTE
    Board\stm32f10x_it.c                     0x00000000   Number         0  stm32f10x_it.o ABSOLUTE
    Driver\Src\OLED.c                        0x00000000   Number         0  oled.o ABSOLUTE
    Driver\Src\beep.c                        0x00000000   Number         0  beep.o ABSOLUTE
    Driver\Src\encoder.c                     0x00000000   Number         0  encoder.o ABSOLUTE
    Driver\Src\gray.c                        0x00000000   Number         0  gray.o ABSOLUTE
    Driver\Src\key.c                         0x00000000   Number         0  key.o ABSOLUTE
    Driver\Src\led.c                         0x00000000   Number         0  led.o ABSOLUTE
    Driver\Src\motor.c                       0x00000000   Number         0  motor.o ABSOLUTE
    Driver\Src\usart.c                       0x00000000   Number         0  usart.o ABSOLUTE
    System\Src\control.c                     0x00000000   Number         0  control.o ABSOLUTE
    System\Src\delay.c                       0x00000000   Number         0  delay.o ABSOLUTE
    System\Src\my_rtt.c                      0x00000000   Number         0  my_rtt.o ABSOLUTE
    System\Src\pid.c                         0x00000000   Number         0  pid.o ABSOLUTE
    cdrcmple.s                               0x00000000   Number         0  cdrcmple.o ABSOLUTE
    dc.s                                     0x00000000   Number         0  dc.o ABSOLUTE
    handlers.s                               0x00000000   Number         0  handlers.o ABSOLUTE
    init.s                                   0x00000000   Number         0  init.o ABSOLUTE
    library\misc.c                           0x00000000   Number         0  misc.o ABSOLUTE
    library\stm32f10x_adc.c                  0x00000000   Number         0  stm32f10x_adc.o ABSOLUTE
    library\stm32f10x_bkp.c                  0x00000000   Number         0  stm32f10x_bkp.o ABSOLUTE
    library\stm32f10x_can.c                  0x00000000   Number         0  stm32f10x_can.o ABSOLUTE
    library\stm32f10x_cec.c                  0x00000000   Number         0  stm32f10x_cec.o ABSOLUTE
    library\stm32f10x_crc.c                  0x00000000   Number         0  stm32f10x_crc.o ABSOLUTE
    library\stm32f10x_dac.c                  0x00000000   Number         0  stm32f10x_dac.o ABSOLUTE
    library\stm32f10x_dbgmcu.c               0x00000000   Number         0  stm32f10x_dbgmcu.o ABSOLUTE
    library\stm32f10x_dma.c                  0x00000000   Number         0  stm32f10x_dma.o ABSOLUTE
    library\stm32f10x_exti.c                 0x00000000   Number         0  stm32f10x_exti.o ABSOLUTE
    library\stm32f10x_flash.c                0x00000000   Number         0  stm32f10x_flash.o ABSOLUTE
    library\stm32f10x_fsmc.c                 0x00000000   Number         0  stm32f10x_fsmc.o ABSOLUTE
    library\stm32f10x_gpio.c                 0x00000000   Number         0  stm32f10x_gpio.o ABSOLUTE
    library\stm32f10x_i2c.c                  0x00000000   Number         0  stm32f10x_i2c.o ABSOLUTE
    library\stm32f10x_iwdg.c                 0x00000000   Number         0  stm32f10x_iwdg.o ABSOLUTE
    library\stm32f10x_pwr.c                  0x00000000   Number         0  stm32f10x_pwr.o ABSOLUTE
    library\stm32f10x_rcc.c                  0x00000000   Number         0  stm32f10x_rcc.o ABSOLUTE
    library\stm32f10x_rtc.c                  0x00000000   Number         0  stm32f10x_rtc.o ABSOLUTE
    library\stm32f10x_sdio.c                 0x00000000   Number         0  stm32f10x_sdio.o ABSOLUTE
    library\stm32f10x_spi.c                  0x00000000   Number         0  stm32f10x_spi.o ABSOLUTE
    library\stm32f10x_tim.c                  0x00000000   Number         0  stm32f10x_tim.o ABSOLUTE
    library\stm32f10x_usart.c                0x00000000   Number         0  stm32f10x_usart.o ABSOLUTE
    library\stm32f10x_wwdg.c                 0x00000000   Number         0  stm32f10x_wwdg.o ABSOLUTE
    rt-thread\libcpu\arm\cortex-m3\context_rvds.S 0x00000000   Number         0  context_rvds.o ABSOLUTE
    rt-thread\libcpu\arm\cortex-m3\cpuport.c 0x00000000   Number         0  cpuport.o ABSOLUTE
    rt-thread\src\clock.c                    0x00000000   Number         0  clock.o ABSOLUTE
    rt-thread\src\components.c               0x00000000   Number         0  components.o ABSOLUTE
    rt-thread\src\cpu.c                      0x00000000   Number         0  cpu.o ABSOLUTE
    rt-thread\src\idle.c                     0x00000000   Number         0  idle.o ABSOLUTE
    rt-thread\src\ipc.c                      0x00000000   Number         0  ipc.o ABSOLUTE
    rt-thread\src\irq.c                      0x00000000   Number         0  irq.o ABSOLUTE
    rt-thread\src\kservice.c                 0x00000000   Number         0  kservice.o ABSOLUTE
    rt-thread\src\mem.c                      0x00000000   Number         0  mem.o ABSOLUTE
    rt-thread\src\memheap.c                  0x00000000   Number         0  memheap.o ABSOLUTE
    rt-thread\src\mempool.c                  0x00000000   Number         0  mempool.o ABSOLUTE
    rt-thread\src\object.c                   0x00000000   Number         0  object.o ABSOLUTE
    rt-thread\src\scheduler.c                0x00000000   Number         0  scheduler.o ABSOLUTE
    rt-thread\src\slab.c                     0x00000000   Number         0  slab.o ABSOLUTE
    rt-thread\src\thread.c                   0x00000000   Number         0  thread.o ABSOLUTE
    rt-thread\src\timer.c                    0x00000000   Number         0  timer.o ABSOLUTE
    start\\core_cm3.c                        0x00000000   Number         0  core_cm3.o ABSOLUTE
    start\core_cm3.c                         0x00000000   Number         0  core_cm3.o ABSOLUTE
    start\startup_stm32f10x_md.s             0x00000000   Number         0  startup_stm32f10x_md.o ABSOLUTE
    start\system_stm32f10x.c                 0x00000000   Number         0  system_stm32f10x.o ABSOLUTE
    RESET                                    0x08000000   Section      236  startup_stm32f10x_md.o(RESET)
    .ARM.Collect$$$$00000000                 0x080000ec   Section        0  entry.o(.ARM.Collect$$$$00000000)
    .ARM.Collect$$$$00000001                 0x080000ec   Section        4  entry2.o(.ARM.Collect$$$$00000001)
    .ARM.Collect$$$$00000004                 0x080000f0   Section        4  entry5.o(.ARM.Collect$$$$00000004)
    .ARM.Collect$$$$00000008                 0x080000f4   Section        0  entry7b.o(.ARM.Collect$$$$00000008)
    .ARM.Collect$$$$0000000A                 0x080000f4   Section        0  entry8b.o(.ARM.Collect$$$$0000000A)
    .ARM.Collect$$$$0000000B                 0x080000f4   Section        8  entry9a.o(.ARM.Collect$$$$0000000B)
    .ARM.Collect$$$$0000000D                 0x080000fc   Section        0  entry10a.o(.ARM.Collect$$$$0000000D)
    .ARM.Collect$$$$0000000F                 0x080000fc   Section        0  entry11a.o(.ARM.Collect$$$$0000000F)
    .ARM.Collect$$$$00002712                 0x080000fc   Section        4  entry2.o(.ARM.Collect$$$$00002712)
    __lit__00000000                          0x080000fc   Data           4  entry2.o(.ARM.Collect$$$$00002712)
    .text                                    0x08000100   Section       36  startup_stm32f10x_md.o(.text)
    .text                                    0x08000124   Section      244  context_rvds.o(.text)
    .text                                    0x08000218   Section        0  memcpya.o(.text)
    .text                                    0x0800023c   Section        0  fadd.o(.text)
    .text                                    0x080002ec   Section        0  fmul.o(.text)
    .text                                    0x08000350   Section        0  ffltui.o(.text)
    .text                                    0x0800035a   Section        0  ffixi.o(.text)
    .text                                    0x0800038c   Section        0  fepilogue.o(.text)
    .text                                    0x0800038c   Section        0  iusefp.o(.text)
    .text                                    0x080003fc   Section       36  init.o(.text)
    .text                                    0x08000420   Section        0  __dczerorl2.o(.text)
    i.$Sub$$main                             0x08000476   Section        0  components.o(i.$Sub$$main)
    i.BusFault_Handler                       0x08000480   Section        0  stm32f10x_it.o(i.BusFault_Handler)
    i.DebugMon_Handler                       0x08000484   Section        0  stm32f10x_it.o(i.DebugMon_Handler)
    i.GPIO_Init                              0x08000486   Section        0  stm32f10x_gpio.o(i.GPIO_Init)
    i.GPIO_ResetBits                         0x0800059c   Section        0  stm32f10x_gpio.o(i.GPIO_ResetBits)
    i.GPIO_SetBits                           0x080005a0   Section        0  stm32f10x_gpio.o(i.GPIO_SetBits)
    i.MemManage_Handler                      0x080005a4   Section        0  stm32f10x_it.o(i.MemManage_Handler)
    i.NMI_Handler                            0x080005a8   Section        0  stm32f10x_it.o(i.NMI_Handler)
    i.RCC_APB1PeriphClockCmd                 0x080005ac   Section        0  stm32f10x_rcc.o(i.RCC_APB1PeriphClockCmd)
    i.RCC_APB2PeriphClockCmd                 0x080005cc   Section        0  stm32f10x_rcc.o(i.RCC_APB2PeriphClockCmd)
    i.SVC_Handler                            0x080005ec   Section        0  stm32f10x_it.o(i.SVC_Handler)
    i.SetSysClock                            0x080005ee   Section        0  system_stm32f10x.o(i.SetSysClock)
    SetSysClock                              0x080005ef   Thumb Code     8  system_stm32f10x.o(i.SetSysClock)
    i.SetSysClockTo72                        0x080005f8   Section        0  system_stm32f10x.o(i.SetSysClockTo72)
    SetSysClockTo72                          0x080005f9   Thumb Code   214  system_stm32f10x.o(i.SetSysClockTo72)
    i.SysTick_Handler                        0x080006d8   Section        0  board.o(i.SysTick_Handler)
    i.SystemCoreClockUpdate                  0x080006e8   Section        0  system_stm32f10x.o(i.SystemCoreClockUpdate)
    i.SystemInit                             0x0800078c   Section        0  system_stm32f10x.o(i.SystemInit)
    i.TI1_Config                             0x080007ec   Section        0  stm32f10x_tim.o(i.TI1_Config)
    TI1_Config                               0x080007ed   Thumb Code   108  stm32f10x_tim.o(i.TI1_Config)
    i.TI2_Config                             0x0800086c   Section        0  stm32f10x_tim.o(i.TI2_Config)
    TI2_Config                               0x0800086d   Thumb Code   130  stm32f10x_tim.o(i.TI2_Config)
    i.TI3_Config                             0x08000904   Section        0  stm32f10x_tim.o(i.TI3_Config)
    TI3_Config                               0x08000905   Thumb Code   122  stm32f10x_tim.o(i.TI3_Config)
    i.TI4_Config                             0x08000994   Section        0  stm32f10x_tim.o(i.TI4_Config)
    TI4_Config                               0x08000995   Thumb Code   130  stm32f10x_tim.o(i.TI4_Config)
    i.TIM_Cmd                                0x08000a2c   Section        0  stm32f10x_tim.o(i.TIM_Cmd)
    i.TIM_CtrlPWMOutputs                     0x08000a44   Section        0  stm32f10x_tim.o(i.TIM_CtrlPWMOutputs)
    i.TIM_EncoderInterfaceConfig             0x08000a62   Section        0  stm32f10x_tim.o(i.TIM_EncoderInterfaceConfig)
    i.TIM_GetCounter                         0x08000aa4   Section        0  stm32f10x_tim.o(i.TIM_GetCounter)
    i.TIM_ICInit                             0x08000aac   Section        0  stm32f10x_tim.o(i.TIM_ICInit)
    i.TIM_ICStructInit                       0x08000b58   Section        0  stm32f10x_tim.o(i.TIM_ICStructInit)
    i.TIM_OC1Init                            0x08000b6c   Section        0  stm32f10x_tim.o(i.TIM_OC1Init)
    i.TIM_OC1PreloadConfig                   0x08000c04   Section        0  stm32f10x_tim.o(i.TIM_OC1PreloadConfig)
    i.TIM_OC4Init                            0x08000c18   Section        0  stm32f10x_tim.o(i.TIM_OC4Init)
    i.TIM_OC4PreloadConfig                   0x08000c94   Section        0  stm32f10x_tim.o(i.TIM_OC4PreloadConfig)
    i.TIM_SetCompare1                        0x08000cae   Section        0  stm32f10x_tim.o(i.TIM_SetCompare1)
    i.TIM_SetCompare4                        0x08000cb2   Section        0  stm32f10x_tim.o(i.TIM_SetCompare4)
    i.TIM_SetCounter                         0x08000cb8   Section        0  stm32f10x_tim.o(i.TIM_SetCounter)
    i.TIM_SetIC1Prescaler                    0x08000cbc   Section        0  stm32f10x_tim.o(i.TIM_SetIC1Prescaler)
    i.TIM_SetIC2Prescaler                    0x08000cce   Section        0  stm32f10x_tim.o(i.TIM_SetIC2Prescaler)
    i.TIM_SetIC3Prescaler                    0x08000ce8   Section        0  stm32f10x_tim.o(i.TIM_SetIC3Prescaler)
    i.TIM_SetIC4Prescaler                    0x08000cfa   Section        0  stm32f10x_tim.o(i.TIM_SetIC4Prescaler)
    i.TIM_TimeBaseInit                       0x08000d14   Section        0  stm32f10x_tim.o(i.TIM_TimeBaseInit)
    i.UsageFault_Handler                     0x08000db8   Section        0  stm32f10x_it.o(i.UsageFault_Handler)
    i._SysTick_Config                        0x08000dbc   Section        0  board.o(i._SysTick_Config)
    _SysTick_Config                          0x08000dbd   Thumb Code    44  board.o(i._SysTick_Config)
    i.__rt_ffs                               0x08000dec   Section        0  kservice.o(i.__rt_ffs)
    i.__scatterload_copy                     0x08000e38   Section       14  handlers.o(i.__scatterload_copy)
    i.__scatterload_null                     0x08000e46   Section        2  handlers.o(i.__scatterload_null)
    i.__scatterload_zeroinit                 0x08000e48   Section       14  handlers.o(i.__scatterload_zeroinit)
    i._rt_thread_init                        0x08000e58   Section        0  thread.o(i._rt_thread_init)
    _rt_thread_init                          0x08000e59   Thumb Code   124  thread.o(i._rt_thread_init)
    i._rt_timer_init                         0x08000edc   Section        0  timer.o(i._rt_timer_init)
    _rt_timer_init                           0x08000edd   Thumb Code    66  timer.o(i._rt_timer_init)
    i._rt_timer_remove                       0x08000f1e   Section        0  timer.o(i._rt_timer_remove)
    _rt_timer_remove                         0x08000f1f   Thumb Code    28  timer.o(i._rt_timer_remove)
    i._thread_cleanup_execute                0x08000f3a   Section        0  thread.o(i._thread_cleanup_execute)
    _thread_cleanup_execute                  0x08000f3b   Thumb Code    28  thread.o(i._thread_cleanup_execute)
    i.beep_init                              0x08000f58   Section        0  beep.o(i.beep_init)
    i.encoder_a_init                         0x08000f90   Section        0  encoder.o(i.encoder_a_init)
    i.encoder_b_init                         0x0800102c   Section        0  encoder.o(i.encoder_b_init)
    i.encoder_init                           0x080010c8   Section        0  encoder.o(i.encoder_init)
    i.get_timer_cnt                          0x080010d4   Section        0  encoder.o(i.get_timer_cnt)
    i.gray_iic_init                          0x080010ec   Section        0  gray.o(i.gray_iic_init)
    i.gray_thread_entry                      0x08001124   Section        0  my_rtt.o(i.gray_thread_entry)
    gray_thread_entry                        0x08001125   Thumb Code    10  my_rtt.o(i.gray_thread_entry)
    i.key_init                               0x08001130   Section        0  key.o(i.key_init)
    i.load_pwm                               0x08001154   Section        0  motor.o(i.load_pwm)
    i.main                                   0x08001190   Section        0  main.o(i.main)
    i.main_thread_entry                      0x0800119a   Section        0  components.o(i.main_thread_entry)
    i.motor_forward                          0x080011a8   Section        0  motor.o(i.motor_forward)
    i.motor_in_init                          0x080011d8   Section        0  motor.o(i.motor_in_init)
    i.motor_pwm_init                         0x08001204   Section        0  motor.o(i.motor_pwm_init)
    i.my_rtt_init                            0x080012c4   Section        0  my_rtt.o(i.my_rtt_init)
    i.pid_controller                         0x08001354   Section        0  control.o(i.pid_controller)
    i.pid_increment                          0x08001404   Section        0  pid.o(i.pid_increment)
    i.pid_thread_entry                       0x08001458   Section        0  my_rtt.o(i.pid_thread_entry)
    pid_thread_entry                         0x08001459   Thumb Code    26  my_rtt.o(i.pid_thread_entry)
    i.plug_holes                             0x0800147c   Section        0  mem.o(i.plug_holes)
    plug_holes                               0x0800147d   Thumb Code   108  mem.o(i.plug_holes)
    i.print_number                           0x080014f4   Section        0  kservice.o(i.print_number)
    print_number                             0x080014f5   Thumb Code   400  kservice.o(i.print_number)
    i.rt_application_init                    0x0800168c   Section        0  components.o(i.rt_application_init)
    i.rt_components_board_init               0x080016bc   Section        0  components.o(i.rt_components_board_init)
    i.rt_components_init                     0x080016d8   Section        0  components.o(i.rt_components_init)
    i.rt_enter_critical                      0x080016f4   Section        0  scheduler.o(i.rt_enter_critical)
    i.rt_exit_critical                       0x08001714   Section        0  scheduler.o(i.rt_exit_critical)
    i.rt_free                                0x08001758   Section        0  mem.o(i.rt_free)
    i.rt_heap_begin_get                      0x08001838   Section        0  board.o(i.rt_heap_begin_get)
    i.rt_heap_end_get                        0x08001840   Section        0  board.o(i.rt_heap_end_get)
    i.rt_hw_board_init                       0x08001848   Section        0  board.o(i.rt_hw_board_init)
    i.rt_hw_console_output                   0x08001898   Section        0  kservice.o(i.rt_hw_console_output)
    i.rt_hw_hard_fault_exception             0x0800189c   Section        0  cpuport.o(i.rt_hw_hard_fault_exception)
    i.rt_hw_stack_init                       0x08001a9c   Section        0  cpuport.o(i.rt_hw_stack_init)
    i.rt_interrupt_enter                     0x08001ae8   Section        0  irq.o(i.rt_interrupt_enter)
    i.rt_interrupt_leave                     0x08001b08   Section        0  irq.o(i.rt_interrupt_leave)
    i.rt_ipc_list_resume                     0x08001b28   Section        0  ipc.o(i.rt_ipc_list_resume)
    rt_ipc_list_resume                       0x08001b29   Thumb Code    20  ipc.o(i.rt_ipc_list_resume)
    i.rt_ipc_list_suspend                    0x08001b3c   Section        0  ipc.o(i.rt_ipc_list_suspend)
    rt_ipc_list_suspend                      0x08001b3d   Thumb Code   110  ipc.o(i.rt_ipc_list_suspend)
    i.rt_ipc_object_init                     0x08001baa   Section        0  ipc.o(i.rt_ipc_object_init)
    rt_ipc_object_init                       0x08001bab   Thumb Code    16  ipc.o(i.rt_ipc_object_init)
    i.rt_kprintf                             0x08001bbc   Section        0  kservice.o(i.rt_kprintf)
    i.rt_list_init                           0x08001bec   Section        0  ipc.o(i.rt_list_init)
    rt_list_init                             0x08001bed   Thumb Code     6  ipc.o(i.rt_list_init)
    i.rt_list_init                           0x08001bf2   Section        0  scheduler.o(i.rt_list_init)
    rt_list_init                             0x08001bf3   Thumb Code     6  scheduler.o(i.rt_list_init)
    i.rt_list_init                           0x08001bf8   Section        0  timer.o(i.rt_list_init)
    rt_list_init                             0x08001bf9   Thumb Code     6  timer.o(i.rt_list_init)
    i.rt_list_insert_after                   0x08001bfe   Section        0  object.o(i.rt_list_insert_after)
    rt_list_insert_after                     0x08001bff   Thumb Code    14  object.o(i.rt_list_insert_after)
    i.rt_list_insert_after                   0x08001c0c   Section        0  thread.o(i.rt_list_insert_after)
    rt_list_insert_after                     0x08001c0d   Thumb Code    14  thread.o(i.rt_list_insert_after)
    i.rt_list_insert_after                   0x08001c1a   Section        0  timer.o(i.rt_list_insert_after)
    rt_list_insert_after                     0x08001c1b   Thumb Code    14  timer.o(i.rt_list_insert_after)
    i.rt_list_insert_before                  0x08001c28   Section        0  ipc.o(i.rt_list_insert_before)
    rt_list_insert_before                    0x08001c29   Thumb Code    14  ipc.o(i.rt_list_insert_before)
    i.rt_list_isempty                        0x08001c36   Section        0  ipc.o(i.rt_list_isempty)
    rt_list_isempty                          0x08001c37   Thumb Code    16  ipc.o(i.rt_list_isempty)
    i.rt_list_isempty                        0x08001c46   Section        0  timer.o(i.rt_list_isempty)
    rt_list_isempty                          0x08001c47   Thumb Code    16  timer.o(i.rt_list_isempty)
    i.rt_list_remove                         0x08001c56   Section        0  object.o(i.rt_list_remove)
    rt_list_remove                           0x08001c57   Thumb Code    18  object.o(i.rt_list_remove)
    i.rt_list_remove                         0x08001c68   Section        0  thread.o(i.rt_list_remove)
    rt_list_remove                           0x08001c69   Thumb Code    18  thread.o(i.rt_list_remove)
    i.rt_list_remove                         0x08001c7a   Section        0  timer.o(i.rt_list_remove)
    rt_list_remove                           0x08001c7b   Thumb Code    18  timer.o(i.rt_list_remove)
    i.rt_malloc                              0x08001c8c   Section        0  mem.o(i.rt_malloc)
    i.rt_memset                              0x08001df8   Section        0  kservice.o(i.rt_memset)
    i.rt_object_allocate                     0x08001e40   Section        0  object.o(i.rt_object_allocate)
    i.rt_object_delete                       0x08001e94   Section        0  object.o(i.rt_object_delete)
    i.rt_object_detach                       0x08001eb8   Section        0  object.o(i.rt_object_detach)
    i.rt_object_get_information              0x08001ed8   Section        0  object.o(i.rt_object_get_information)
    i.rt_object_init                         0x08001f00   Section        0  object.o(i.rt_object_init)
    i.rt_object_is_systemobject              0x08001f56   Section        0  object.o(i.rt_object_is_systemobject)
    i.rt_schedule                            0x08001f68   Section        0  scheduler.o(i.rt_schedule)
    i.rt_schedule_insert_thread              0x08001fec   Section        0  scheduler.o(i.rt_schedule_insert_thread)
    i.rt_schedule_remove_thread              0x0800203c   Section        0  scheduler.o(i.rt_schedule_remove_thread)
    i.rt_sem_init                            0x08002090   Section        0  ipc.o(i.rt_sem_init)
    i.rt_sem_release                         0x080020b6   Section        0  ipc.o(i.rt_sem_release)
    i.rt_sem_take                            0x08002108   Section        0  ipc.o(i.rt_sem_take)
    i.rt_show_version                        0x0800217c   Section        0  kservice.o(i.rt_show_version)
    i.rt_strncpy                             0x0800222c   Section        0  kservice.o(i.rt_strncpy)
    i.rt_system_heap_init                    0x08002260   Section        0  mem.o(i.rt_system_heap_init)
    i.rt_system_scheduler_init               0x08002358   Section        0  scheduler.o(i.rt_system_scheduler_init)
    i.rt_system_scheduler_start              0x080023a4   Section        0  scheduler.o(i.rt_system_scheduler_start)
    i.rt_system_timer_init                   0x080023d4   Section        0  timer.o(i.rt_system_timer_init)
    i.rt_system_timer_thread_init            0x080023f0   Section        0  timer.o(i.rt_system_timer_thread_init)
    i.rt_thread_create                       0x080023f2   Section        0  thread.o(i.rt_thread_create)
    i.rt_thread_delay                        0x08002442   Section        0  thread.o(i.rt_thread_delay)
    i.rt_thread_exit                         0x08002450   Section        0  thread.o(i.rt_thread_exit)
    i.rt_thread_idle_entry                   0x080024a8   Section        0  idle.o(i.rt_thread_idle_entry)
    rt_thread_idle_entry                     0x080024a9   Thumb Code     8  idle.o(i.rt_thread_idle_entry)
    i.rt_thread_idle_excute                  0x080024b0   Section        0  idle.o(i.rt_thread_idle_excute)
    i.rt_thread_idle_init                    0x08002510   Section        0  idle.o(i.rt_thread_idle_init)
    i.rt_thread_init                         0x0800254c   Section        0  thread.o(i.rt_thread_init)
    i.rt_thread_resume                       0x08002580   Section        0  thread.o(i.rt_thread_resume)
    i.rt_thread_self                         0x080025bc   Section        0  thread.o(i.rt_thread_self)
    i.rt_thread_sleep                        0x080025c8   Section        0  thread.o(i.rt_thread_sleep)
    i.rt_thread_startup                      0x0800260c   Section        0  thread.o(i.rt_thread_startup)
    i.rt_thread_suspend                      0x08002638   Section        0  thread.o(i.rt_thread_suspend)
    i.rt_thread_timeout                      0x0800267c   Section        0  thread.o(i.rt_thread_timeout)
    i.rt_thread_yield                        0x0800269c   Section        0  thread.o(i.rt_thread_yield)
    i.rt_tick_get                            0x08002700   Section        0  clock.o(i.rt_tick_get)
    i.rt_tick_increase                       0x0800270c   Section        0  clock.o(i.rt_tick_increase)
    i.rt_timer_check                         0x0800273c   Section        0  timer.o(i.rt_timer_check)
    i.rt_timer_control                       0x080027e0   Section        0  timer.o(i.rt_timer_control)
    i.rt_timer_detach                        0x08002842   Section        0  timer.o(i.rt_timer_detach)
    i.rt_timer_init                          0x0800286a   Section        0  timer.o(i.rt_timer_init)
    i.rt_timer_start                         0x08002898   Section        0  timer.o(i.rt_timer_start)
    i.rt_timer_stop                          0x08002984   Section        0  timer.o(i.rt_timer_stop)
    i.rt_vsnprintf                           0x080029b4   Section        0  kservice.o(i.rt_vsnprintf)
    i.rti_board_end                          0x08002cf4   Section        0  components.o(i.rti_board_end)
    rti_board_end                            0x08002cf5   Thumb Code     4  components.o(i.rti_board_end)
    i.rti_board_start                        0x08002cf8   Section        0  components.o(i.rti_board_start)
    rti_board_start                          0x08002cf9   Thumb Code     4  components.o(i.rti_board_start)
    i.rti_end                                0x08002cfc   Section        0  components.o(i.rti_end)
    rti_end                                  0x08002cfd   Thumb Code     4  components.o(i.rti_end)
    i.rti_start                              0x08002d00   Section        0  components.o(i.rti_start)
    rti_start                                0x08002d01   Thumb Code     4  components.o(i.rti_start)
    i.rtthread_startup                       0x08002d04   Section        0  components.o(i.rtthread_startup)
    i.skip_atoi                              0x08002d2e   Section        0  kservice.o(i.skip_atoi)
    skip_atoi                                0x08002d2f   Thumb Code    38  kservice.o(i.skip_atoi)
    .constdata                               0x08002d54   Section      290  kservice.o(.constdata)
    small_digits                             0x08002e54   Data          17  kservice.o(.constdata)
    large_digits                             0x08002e65   Data          17  kservice.o(.constdata)
    .rti_fn.0                                0x08002e78   Section        4  components.o(.rti_fn.0)
    __tagsym$$used                           0x08002e78   Number         0  components.o(.rti_fn.0)
    .rti_fn.0.end                            0x08002e7c   Section        4  components.o(.rti_fn.0.end)
    __tagsym$$used                           0x08002e7c   Number         0  components.o(.rti_fn.0.end)
    .rti_fn.1.end                            0x08002e80   Section        4  components.o(.rti_fn.1.end)
    __tagsym$$used                           0x08002e80   Number         0  components.o(.rti_fn.1.end)
    .rti_fn.6.end                            0x08002e84   Section        4  components.o(.rti_fn.6.end)
    __tagsym$$used                           0x08002e84   Number         0  components.o(.rti_fn.6.end)
    .data                                    0x20000000   Section       20  system_stm32f10x.o(.data)
    .data                                    0x20000014   Section      148  control.o(.data)
    .data                                    0x200000a8   Section       16  my_rtt.o(.data)
    pid_thread                               0x200000a8   Data           4  my_rtt.o(.data)
    gray_thread                              0x200000ac   Data           4  my_rtt.o(.data)
    .data                                    0x200000b8   Section        4  clock.o(.data)
    rt_tick                                  0x200000b8   Data           4  clock.o(.data)
    .data                                    0x200000bc   Section        1  irq.o(.data)
    .data                                    0x200000c0   Section       24  mem.o(.data)
    heap_ptr                                 0x200000c0   Data           4  mem.o(.data)
    heap_end                                 0x200000c4   Data           4  mem.o(.data)
    lfree                                    0x200000c8   Data           4  mem.o(.data)
    mem_size_aligned                         0x200000cc   Data           4  mem.o(.data)
    used_mem                                 0x200000d0   Data           4  mem.o(.data)
    max_mem                                  0x200000d4   Data           4  mem.o(.data)
    .data                                    0x200000d8   Section       80  object.o(.data)
    rt_object_container                      0x200000d8   Data          80  object.o(.data)
    .data                                    0x20000128   Section       24  scheduler.o(.data)
    rt_scheduler_lock_nest                   0x2000012c   Data           2  scheduler.o(.data)
    .data                                    0x20000140   Section       12  timer.o(.data)
    rt_timer_list                            0x20000140   Data           8  timer.o(.data)
    random_nr                                0x20000148   Data           4  timer.o(.data)
    .data                                    0x2000014c   Section       16  cpuport.o(.data)
    rt_exception_hook                        0x20000158   Data           4  cpuport.o(.data)
    .bss                                     0x2000015c   Section     4096  board.o(.bss)
    rt_heap                                  0x2000015c   Data        4096  board.o(.bss)
    .bss                                     0x2000115c   Section      376  idle.o(.bss)
    idle                                     0x2000115c   Data         120  idle.o(.bss)
    rt_thread_stack                          0x200011d4   Data         256  idle.o(.bss)
    .bss                                     0x200012d4   Section      128  kservice.o(.bss)
    rt_log_buf                               0x200012d4   Data         128  kservice.o(.bss)
    .bss                                     0x20001354   Section       32  mem.o(.bss)
    heap_sem                                 0x20001354   Data          32  mem.o(.bss)
    .bss                                     0x20001374   Section      256  scheduler.o(.bss)
    STACK                                    0x20001478   Section     1024  startup_stm32f10x_md.o(STACK)

    Global Symbols

    Symbol Name                              Value     Ov Type        Size  Object(Section)

    BuildAttributes$$THM_ISAv4$P$D$K$B$S$PE$A:L22UL41UL21$X:L11$S22US41US21$IEEE1$IW$USESV6$~STKCKD$USESV7$~SHL$OTIME$ROPI$EBA8$MICROLIB$REQ8$PRES8$EABIv2 0x00000000   Number         0  anon$$obj.o ABSOLUTE
    __ARM_use_no_argv                        0x00000000   Number         0  main.o ABSOLUTE
    __cpp_initialize__aeabi_                  - Undefined Weak Reference
    __cxa_finalize                            - Undefined Weak Reference
    _clock_init                               - Undefined Weak Reference
    _microlib_exit                            - Undefined Weak Reference
    __Vectors_Size                           0x000000ec   Number         0  startup_stm32f10x_md.o ABSOLUTE
    __Vectors                                0x08000000   Data           4  startup_stm32f10x_md.o(RESET)
    __Vectors_End                            0x080000ec   Data           0  startup_stm32f10x_md.o(RESET)
    __main                                   0x080000ed   Thumb Code     0  entry.o(.ARM.Collect$$$$00000000)
    _main_stk                                0x080000ed   Thumb Code     0  entry2.o(.ARM.Collect$$$$00000001)
    _main_scatterload                        0x080000f1   Thumb Code     0  entry5.o(.ARM.Collect$$$$00000004)
    __main_after_scatterload                 0x080000f5   Thumb Code     0  entry5.o(.ARM.Collect$$$$00000004)
    _main_clock                              0x080000f5   Thumb Code     0  entry7b.o(.ARM.Collect$$$$00000008)
    _main_cpp_init                           0x080000f5   Thumb Code     0  entry8b.o(.ARM.Collect$$$$0000000A)
    _main_init                               0x080000f5   Thumb Code     0  entry9a.o(.ARM.Collect$$$$0000000B)
    __rt_final_cpp                           0x080000fd   Thumb Code     0  entry10a.o(.ARM.Collect$$$$0000000D)
    __rt_final_exit                          0x080000fd   Thumb Code     0  entry11a.o(.ARM.Collect$$$$0000000F)
    Reset_Handler                            0x08000101   Thumb Code     8  startup_stm32f10x_md.o(.text)
    ADC1_2_IRQHandler                        0x0800011b   Thumb Code     0  startup_stm32f10x_md.o(.text)
    CAN1_RX1_IRQHandler                      0x0800011b   Thumb Code     0  startup_stm32f10x_md.o(.text)
    CAN1_SCE_IRQHandler                      0x0800011b   Thumb Code     0  startup_stm32f10x_md.o(.text)
    DMA1_Channel1_IRQHandler                 0x0800011b   Thumb Code     0  startup_stm32f10x_md.o(.text)
    DMA1_Channel2_IRQHandler                 0x0800011b   Thumb Code     0  startup_stm32f10x_md.o(.text)
    DMA1_Channel3_IRQHandler                 0x0800011b   Thumb Code     0  startup_stm32f10x_md.o(.text)
    DMA1_Channel4_IRQHandler                 0x0800011b   Thumb Code     0  startup_stm32f10x_md.o(.text)
    DMA1_Channel5_IRQHandler                 0x0800011b   Thumb Code     0  startup_stm32f10x_md.o(.text)
    DMA1_Channel6_IRQHandler                 0x0800011b   Thumb Code     0  startup_stm32f10x_md.o(.text)
    DMA1_Channel7_IRQHandler                 0x0800011b   Thumb Code     0  startup_stm32f10x_md.o(.text)
    EXTI0_IRQHandler                         0x0800011b   Thumb Code     0  startup_stm32f10x_md.o(.text)
    EXTI15_10_IRQHandler                     0x0800011b   Thumb Code     0  startup_stm32f10x_md.o(.text)
    EXTI1_IRQHandler                         0x0800011b   Thumb Code     0  startup_stm32f10x_md.o(.text)
    EXTI2_IRQHandler                         0x0800011b   Thumb Code     0  startup_stm32f10x_md.o(.text)
    EXTI3_IRQHandler                         0x0800011b   Thumb Code     0  startup_stm32f10x_md.o(.text)
    EXTI4_IRQHandler                         0x0800011b   Thumb Code     0  startup_stm32f10x_md.o(.text)
    EXTI9_5_IRQHandler                       0x0800011b   Thumb Code     0  startup_stm32f10x_md.o(.text)
    FLASH_IRQHandler                         0x0800011b   Thumb Code     0  startup_stm32f10x_md.o(.text)
    I2C1_ER_IRQHandler                       0x0800011b   Thumb Code     0  startup_stm32f10x_md.o(.text)
    I2C1_EV_IRQHandler                       0x0800011b   Thumb Code     0  startup_stm32f10x_md.o(.text)
    I2C2_ER_IRQHandler                       0x0800011b   Thumb Code     0  startup_stm32f10x_md.o(.text)
    I2C2_EV_IRQHandler                       0x0800011b   Thumb Code     0  startup_stm32f10x_md.o(.text)
    PVD_IRQHandler                           0x0800011b   Thumb Code     0  startup_stm32f10x_md.o(.text)
    RCC_IRQHandler                           0x0800011b   Thumb Code     0  startup_stm32f10x_md.o(.text)
    RTCAlarm_IRQHandler                      0x0800011b   Thumb Code     0  startup_stm32f10x_md.o(.text)
    RTC_IRQHandler                           0x0800011b   Thumb Code     0  startup_stm32f10x_md.o(.text)
    SPI1_IRQHandler                          0x0800011b   Thumb Code     0  startup_stm32f10x_md.o(.text)
    SPI2_IRQHandler                          0x0800011b   Thumb Code     0  startup_stm32f10x_md.o(.text)
    TAMPER_IRQHandler                        0x0800011b   Thumb Code     0  startup_stm32f10x_md.o(.text)
    TIM1_BRK_IRQHandler                      0x0800011b   Thumb Code     0  startup_stm32f10x_md.o(.text)
    TIM1_CC_IRQHandler                       0x0800011b   Thumb Code     0  startup_stm32f10x_md.o(.text)
    TIM1_TRG_COM_IRQHandler                  0x0800011b   Thumb Code     0  startup_stm32f10x_md.o(.text)
    TIM1_UP_IRQHandler                       0x0800011b   Thumb Code     0  startup_stm32f10x_md.o(.text)
    TIM2_IRQHandler                          0x0800011b   Thumb Code     0  startup_stm32f10x_md.o(.text)
    TIM3_IRQHandler                          0x0800011b   Thumb Code     0  startup_stm32f10x_md.o(.text)
    TIM4_IRQHandler                          0x0800011b   Thumb Code     0  startup_stm32f10x_md.o(.text)
    USART1_IRQHandler                        0x0800011b   Thumb Code     0  startup_stm32f10x_md.o(.text)
    USART2_IRQHandler                        0x0800011b   Thumb Code     0  startup_stm32f10x_md.o(.text)
    USART3_IRQHandler                        0x0800011b   Thumb Code     0  startup_stm32f10x_md.o(.text)
    USBWakeUp_IRQHandler                     0x0800011b   Thumb Code     0  startup_stm32f10x_md.o(.text)
    USB_HP_CAN1_TX_IRQHandler                0x0800011b   Thumb Code     0  startup_stm32f10x_md.o(.text)
    USB_LP_CAN1_RX0_IRQHandler               0x0800011b   Thumb Code     0  startup_stm32f10x_md.o(.text)
    WWDG_IRQHandler                          0x0800011b   Thumb Code     0  startup_stm32f10x_md.o(.text)
    rt_hw_interrupt_disable                  0x08000125   Thumb Code     8  context_rvds.o(.text)
    rt_hw_interrupt_enable                   0x0800012d   Thumb Code     6  context_rvds.o(.text)
    rt_hw_context_switch                     0x08000133   Thumb Code    32  context_rvds.o(.text)
    rt_hw_context_switch_interrupt           0x08000133   Thumb Code     0  context_rvds.o(.text)
    PendSV_Handler                           0x08000153   Thumb Code    60  context_rvds.o(.text)
    rt_hw_context_switch_to                  0x0800018f   Thumb Code    56  context_rvds.o(.text)
    rt_hw_interrupt_thread_switch            0x080001c7   Thumb Code     2  context_rvds.o(.text)
    HardFault_Handler                        0x080001c9   Thumb Code    52  context_rvds.o(.text)
    __aeabi_memcpy                           0x08000219   Thumb Code    36  memcpya.o(.text)
    __aeabi_memcpy4                          0x08000219   Thumb Code     0  memcpya.o(.text)
    __aeabi_memcpy8                          0x08000219   Thumb Code     0  memcpya.o(.text)
    __aeabi_fadd                             0x0800023d   Thumb Code   164  fadd.o(.text)
    __aeabi_fsub                             0x080002e1   Thumb Code     6  fadd.o(.text)
    __aeabi_frsub                            0x080002e7   Thumb Code     6  fadd.o(.text)
    __aeabi_fmul                             0x080002ed   Thumb Code   100  fmul.o(.text)
    __aeabi_ui2f                             0x08000351   Thumb Code    10  ffltui.o(.text)
    __aeabi_f2iz                             0x0800035b   Thumb Code    50  ffixi.o(.text)
    __I$use$fp                               0x0800038d   Thumb Code     0  iusefp.o(.text)
    _float_round                             0x0800038d   Thumb Code    18  fepilogue.o(.text)
    _float_epilogue                          0x0800039f   Thumb Code    92  fepilogue.o(.text)
    __scatterload                            0x080003fd   Thumb Code    28  init.o(.text)
    __scatterload_rt2                        0x080003fd   Thumb Code     0  init.o(.text)
    __decompress                             0x08000421   Thumb Code     0  __dczerorl2.o(.text)
    __decompress1                            0x08000421   Thumb Code    86  __dczerorl2.o(.text)
    main                                     0x08000477   Thumb Code    10  components.o(i.$Sub$$main)
    BusFault_Handler                         0x08000481   Thumb Code     4  stm32f10x_it.o(i.BusFault_Handler)
    DebugMon_Handler                         0x08000485   Thumb Code     2  stm32f10x_it.o(i.DebugMon_Handler)
    GPIO_Init                                0x08000487   Thumb Code   278  stm32f10x_gpio.o(i.GPIO_Init)
    GPIO_ResetBits                           0x0800059d   Thumb Code     4  stm32f10x_gpio.o(i.GPIO_ResetBits)
    GPIO_SetBits                             0x080005a1   Thumb Code     4  stm32f10x_gpio.o(i.GPIO_SetBits)
    MemManage_Handler                        0x080005a5   Thumb Code     4  stm32f10x_it.o(i.MemManage_Handler)
    NMI_Handler                              0x080005a9   Thumb Code     2  stm32f10x_it.o(i.NMI_Handler)
    RCC_APB1PeriphClockCmd                   0x080005ad   Thumb Code    26  stm32f10x_rcc.o(i.RCC_APB1PeriphClockCmd)
    RCC_APB2PeriphClockCmd                   0x080005cd   Thumb Code    26  stm32f10x_rcc.o(i.RCC_APB2PeriphClockCmd)
    SVC_Handler                              0x080005ed   Thumb Code     2  stm32f10x_it.o(i.SVC_Handler)
    SysTick_Handler                          0x080006d9   Thumb Code    16  board.o(i.SysTick_Handler)
    SystemCoreClockUpdate                    0x080006e9   Thumb Code   142  system_stm32f10x.o(i.SystemCoreClockUpdate)
    SystemInit                               0x0800078d   Thumb Code    78  system_stm32f10x.o(i.SystemInit)
    TIM_Cmd                                  0x08000a2d   Thumb Code    24  stm32f10x_tim.o(i.TIM_Cmd)
    TIM_CtrlPWMOutputs                       0x08000a45   Thumb Code    30  stm32f10x_tim.o(i.TIM_CtrlPWMOutputs)
    TIM_EncoderInterfaceConfig               0x08000a63   Thumb Code    66  stm32f10x_tim.o(i.TIM_EncoderInterfaceConfig)
    TIM_GetCounter                           0x08000aa5   Thumb Code     6  stm32f10x_tim.o(i.TIM_GetCounter)
    TIM_ICInit                               0x08000aad   Thumb Code   150  stm32f10x_tim.o(i.TIM_ICInit)
    TIM_ICStructInit                         0x08000b59   Thumb Code    18  stm32f10x_tim.o(i.TIM_ICStructInit)
    TIM_OC1Init                              0x08000b6d   Thumb Code   132  stm32f10x_tim.o(i.TIM_OC1Init)
    TIM_OC1PreloadConfig                     0x08000c05   Thumb Code    18  stm32f10x_tim.o(i.TIM_OC1PreloadConfig)
    TIM_OC4Init                              0x08000c19   Thumb Code   114  stm32f10x_tim.o(i.TIM_OC4Init)
    TIM_OC4PreloadConfig                     0x08000c95   Thumb Code    26  stm32f10x_tim.o(i.TIM_OC4PreloadConfig)
    TIM_SetCompare1                          0x08000caf   Thumb Code     4  stm32f10x_tim.o(i.TIM_SetCompare1)
    TIM_SetCompare4                          0x08000cb3   Thumb Code     6  stm32f10x_tim.o(i.TIM_SetCompare4)
    TIM_SetCounter                           0x08000cb9   Thumb Code     4  stm32f10x_tim.o(i.TIM_SetCounter)
    TIM_SetIC1Prescaler                      0x08000cbd   Thumb Code    18  stm32f10x_tim.o(i.TIM_SetIC1Prescaler)
    TIM_SetIC2Prescaler                      0x08000ccf   Thumb Code    26  stm32f10x_tim.o(i.TIM_SetIC2Prescaler)
    TIM_SetIC3Prescaler                      0x08000ce9   Thumb Code    18  stm32f10x_tim.o(i.TIM_SetIC3Prescaler)
    TIM_SetIC4Prescaler                      0x08000cfb   Thumb Code    26  stm32f10x_tim.o(i.TIM_SetIC4Prescaler)
    TIM_TimeBaseInit                         0x08000d15   Thumb Code   122  stm32f10x_tim.o(i.TIM_TimeBaseInit)
    UsageFault_Handler                       0x08000db9   Thumb Code     4  stm32f10x_it.o(i.UsageFault_Handler)
    __rt_ffs                                 0x08000ded   Thumb Code    70  kservice.o(i.__rt_ffs)
    __scatterload_copy                       0x08000e39   Thumb Code    14  handlers.o(i.__scatterload_copy)
    __scatterload_null                       0x08000e47   Thumb Code     2  handlers.o(i.__scatterload_null)
    __scatterload_zeroinit                   0x08000e49   Thumb Code    14  handlers.o(i.__scatterload_zeroinit)
    beep_init                                0x08000f59   Thumb Code    50  beep.o(i.beep_init)
    encoder_a_init                           0x08000f91   Thumb Code   146  encoder.o(i.encoder_a_init)
    encoder_b_init                           0x0800102d   Thumb Code   150  encoder.o(i.encoder_b_init)
    encoder_init                             0x080010c9   Thumb Code    12  encoder.o(i.encoder_init)
    get_timer_cnt                            0x080010d5   Thumb Code    24  encoder.o(i.get_timer_cnt)
    gray_iic_init                            0x080010ed   Thumb Code    50  gray.o(i.gray_iic_init)
    key_init                                 0x08001131   Thumb Code    32  key.o(i.key_init)
    load_pwm                                 0x08001155   Thumb Code    56  motor.o(i.load_pwm)
    $Super$$main                             0x08001191   Thumb Code    10  main.o(i.main)
    main_thread_entry                        0x0800119b   Thumb Code    14  components.o(i.main_thread_entry)
    motor_forward                            0x080011a9   Thumb Code    44  motor.o(i.motor_forward)
    motor_in_init                            0x080011d9   Thumb Code    40  motor.o(i.motor_in_init)
    motor_pwm_init                           0x08001205   Thumb Code   184  motor.o(i.motor_pwm_init)
    my_rtt_init                              0x080012c5   Thumb Code   102  my_rtt.o(i.my_rtt_init)
    pid_controller                           0x08001355   Thumb Code   142  control.o(i.pid_controller)
    pid_increment                            0x08001405   Thumb Code    82  pid.o(i.pid_increment)
    rt_application_init                      0x0800168d   Thumb Code    34  components.o(i.rt_application_init)
    rt_components_board_init                 0x080016bd   Thumb Code    20  components.o(i.rt_components_board_init)
    rt_components_init                       0x080016d9   Thumb Code    20  components.o(i.rt_components_init)
    rt_enter_critical                        0x080016f5   Thumb Code    28  scheduler.o(i.rt_enter_critical)
    rt_exit_critical                         0x08001715   Thumb Code    60  scheduler.o(i.rt_exit_critical)
    rt_free                                  0x08001759   Thumb Code   128  mem.o(i.rt_free)
    rt_heap_begin_get                        0x08001839   Thumb Code     4  board.o(i.rt_heap_begin_get)
    rt_heap_end_get                          0x08001841   Thumb Code     4  board.o(i.rt_heap_end_get)
    rt_hw_board_init                         0x08001849   Thumb Code    74  board.o(i.rt_hw_board_init)
    rt_hw_console_output                     0x08001899   Thumb Code     2  kservice.o(i.rt_hw_console_output)
    rt_hw_hard_fault_exception               0x0800189d   Thumb Code   190  cpuport.o(i.rt_hw_hard_fault_exception)
    rt_hw_stack_init                         0x08001a9d   Thumb Code    70  cpuport.o(i.rt_hw_stack_init)
    rt_interrupt_enter                       0x08001ae9   Thumb Code    26  irq.o(i.rt_interrupt_enter)
    rt_interrupt_leave                       0x08001b09   Thumb Code    26  irq.o(i.rt_interrupt_leave)
    rt_kprintf                               0x08001bbd   Thumb Code    44  kservice.o(i.rt_kprintf)
    rt_malloc                                0x08001c8d   Thumb Code   336  mem.o(i.rt_malloc)
    rt_memset                                0x08001df9   Thumb Code    72  kservice.o(i.rt_memset)
    rt_object_allocate                       0x08001e41   Thumb Code    84  object.o(i.rt_object_allocate)
    rt_object_delete                         0x08001e95   Thumb Code    36  object.o(i.rt_object_delete)
    rt_object_detach                         0x08001eb9   Thumb Code    30  object.o(i.rt_object_detach)
    rt_object_get_information                0x08001ed9   Thumb Code    36  object.o(i.rt_object_get_information)
    rt_object_init                           0x08001f01   Thumb Code    86  object.o(i.rt_object_init)
    rt_object_is_systemobject                0x08001f57   Thumb Code    18  object.o(i.rt_object_is_systemobject)
    rt_schedule                              0x08001f69   Thumb Code   106  scheduler.o(i.rt_schedule)
    rt_schedule_insert_thread                0x08001fed   Thumb Code    72  scheduler.o(i.rt_schedule_insert_thread)
    rt_schedule_remove_thread                0x0800203d   Thumb Code    76  scheduler.o(i.rt_schedule_remove_thread)
    rt_sem_init                              0x08002091   Thumb Code    38  ipc.o(i.rt_sem_init)
    rt_sem_release                           0x080020b7   Thumb Code    82  ipc.o(i.rt_sem_release)
    rt_sem_take                              0x08002109   Thumb Code   116  ipc.o(i.rt_sem_take)
    rt_show_version                          0x0800217d   Thumb Code    38  kservice.o(i.rt_show_version)
    rt_strncpy                               0x0800222d   Thumb Code    52  kservice.o(i.rt_strncpy)
    rt_system_heap_init                      0x08002261   Thumb Code   160  mem.o(i.rt_system_heap_init)
    rt_system_scheduler_init                 0x08002359   Thumb Code    52  scheduler.o(i.rt_system_scheduler_init)
    rt_system_scheduler_start                0x080023a5   Thumb Code    36  scheduler.o(i.rt_system_scheduler_start)
    rt_system_timer_init                     0x080023d5   Thumb Code    24  timer.o(i.rt_system_timer_init)
    rt_system_timer_thread_init              0x080023f1   Thumb Code     2  timer.o(i.rt_system_timer_thread_init)
    rt_thread_create                         0x080023f3   Thumb Code    80  thread.o(i.rt_thread_create)
    rt_thread_delay                          0x08002443   Thumb Code    12  thread.o(i.rt_thread_delay)
    rt_thread_exit                           0x08002451   Thumb Code    78  thread.o(i.rt_thread_exit)
    rt_thread_idle_excute                    0x080024b1   Thumb Code    92  idle.o(i.rt_thread_idle_excute)
    rt_thread_idle_init                      0x08002511   Thumb Code    38  idle.o(i.rt_thread_idle_init)
    rt_thread_init                           0x0800254d   Thumb Code    52  thread.o(i.rt_thread_init)
    rt_thread_resume                         0x08002581   Thumb Code    60  thread.o(i.rt_thread_resume)
    rt_thread_self                           0x080025bd   Thumb Code     6  thread.o(i.rt_thread_self)
    rt_thread_sleep                          0x080025c9   Thumb Code    62  thread.o(i.rt_thread_sleep)
    rt_thread_startup                        0x0800260d   Thumb Code    44  thread.o(i.rt_thread_startup)
    rt_thread_suspend                        0x08002639   Thumb Code    68  thread.o(i.rt_thread_suspend)
    rt_thread_timeout                        0x0800267d   Thumb Code    32  thread.o(i.rt_thread_timeout)
    rt_thread_yield                          0x0800269d   Thumb Code    92  thread.o(i.rt_thread_yield)
    rt_tick_get                              0x08002701   Thumb Code     6  clock.o(i.rt_tick_get)
    rt_tick_increase                         0x0800270d   Thumb Code    42  clock.o(i.rt_tick_increase)
    rt_timer_check                           0x0800273d   Thumb Code   160  timer.o(i.rt_timer_check)
    rt_timer_control                         0x080027e1   Thumb Code    98  timer.o(i.rt_timer_control)
    rt_timer_detach                          0x08002843   Thumb Code    40  timer.o(i.rt_timer_detach)
    rt_timer_init                            0x0800286b   Thumb Code    46  timer.o(i.rt_timer_init)
    rt_timer_start                           0x08002899   Thumb Code   226  timer.o(i.rt_timer_start)
    rt_timer_stop                            0x08002985   Thumb Code    48  timer.o(i.rt_timer_stop)
    rt_vsnprintf                             0x080029b5   Thumb Code   824  kservice.o(i.rt_vsnprintf)
    rtthread_startup                         0x08002d05   Thumb Code    42  components.o(i.rtthread_startup)
    __lowest_bit_bitmap                      0x08002d54   Data         256  kservice.o(.constdata)
    __rt_init_rti_start                      0x08002e78   Data           4  components.o(.rti_fn.0)
    __rt_init_rti_board_start                0x08002e7c   Data           4  components.o(.rti_fn.0.end)
    __rt_init_rti_board_end                  0x08002e80   Data           4  components.o(.rti_fn.1.end)
    __rt_init_rti_end                        0x08002e84   Data           4  components.o(.rti_fn.6.end)
    Region$$Table$$Base                      0x08002e88   Number         0  anon$$obj.o(Region$$Table)
    Region$$Table$$Limit                     0x08002ea8   Number         0  anon$$obj.o(Region$$Table)
    SystemCoreClock                          0x20000000   Data           4  system_stm32f10x.o(.data)
    AHBPrescTable                            0x20000004   Data          16  system_stm32f10x.o(.data)
    pid_save                                 0x20000014   Data          84  control.o(.data)
    error_cnt                                0x20000068   Data          40  control.o(.data)
    gray_value                               0x20000090   Data           1  control.o(.data)
    gray_bit                                 0x20000091   Data           8  control.o(.data)
    index_A                                  0x20000099   Data           1  control.o(.data)
    index_B                                  0x2000009a   Data           1  control.o(.data)
    A_PWM                                    0x2000009c   Data           2  control.o(.data)
    B_PWM                                    0x2000009e   Data           2  control.o(.data)
    A_CNT                                    0x200000a0   Data           2  control.o(.data)
    B_CNT                                    0x200000a2   Data           2  control.o(.data)
    expect                                   0x200000a4   Data           4  control.o(.data)
    A_TargetCNT                              0x200000b0   Data           4  my_rtt.o(.data)
    B_TargetCNT                              0x200000b4   Data           4  my_rtt.o(.data)
    rt_interrupt_nest                        0x200000bc   Data           1  irq.o(.data)
    rt_thread_ready_priority_group           0x20000128   Data           4  scheduler.o(.data)
    rt_current_thread                        0x20000130   Data           4  scheduler.o(.data)
    rt_current_priority                      0x20000134   Data           1  scheduler.o(.data)
    rt_thread_defunct                        0x20000138   Data           8  scheduler.o(.data)
    rt_interrupt_from_thread                 0x2000014c   Data           4  cpuport.o(.data)
    rt_interrupt_to_thread                   0x20000150   Data           4  cpuport.o(.data)
    rt_thread_switch_interrupt_flag          0x20000154   Data           4  cpuport.o(.data)
    rt_thread_priority_table                 0x20001374   Data         256  scheduler.o(.bss)
    __initial_sp                             0x20001878   Data           0  startup_stm32f10x_md.o(STACK)



==============================================================================

Memory Map of the image

  Image Entry point : 0x080000ed

  Load Region LR_IROM1 (Base: 0x08000000, Size: 0x00003004, Max: 0x00010000, ABSOLUTE, COMPRESSED[0x00002f14])

    Execution Region ER_IROM1 (Exec base: 0x08000000, Load base: 0x08000000, Size: 0x00002ea8, Max: 0x00010000, ABSOLUTE)

    Exec Addr    Load Addr    Size         Type   Attr      Idx    E Section Name        Object

    0x08000000   0x08000000   0x000000ec   Data   RO            3    RESET               startup_stm32f10x_md.o
    0x080000ec   0x080000ec   0x00000000   Code   RO         5231  * .ARM.Collect$$$$00000000  mc_w.l(entry.o)
    0x080000ec   0x080000ec   0x00000004   Code   RO         5276    .ARM.Collect$$$$00000001  mc_w.l(entry2.o)
    0x080000f0   0x080000f0   0x00000004   Code   RO         5279    .ARM.Collect$$$$00000004  mc_w.l(entry5.o)
    0x080000f4   0x080000f4   0x00000000   Code   RO         5281    .ARM.Collect$$$$00000008  mc_w.l(entry7b.o)
    0x080000f4   0x080000f4   0x00000000   Code   RO         5283    .ARM.Collect$$$$0000000A  mc_w.l(entry8b.o)
    0x080000f4   0x080000f4   0x00000008   Code   RO         5284    .ARM.Collect$$$$0000000B  mc_w.l(entry9a.o)
    0x080000fc   0x080000fc   0x00000000   Code   RO         5286    .ARM.Collect$$$$0000000D  mc_w.l(entry10a.o)
    0x080000fc   0x080000fc   0x00000000   Code   RO         5288    .ARM.Collect$$$$0000000F  mc_w.l(entry11a.o)
    0x080000fc   0x080000fc   0x00000004   Code   RO         5277    .ARM.Collect$$$$00002712  mc_w.l(entry2.o)
    0x08000100   0x08000100   0x00000024   Code   RO            4    .text               startup_stm32f10x_md.o
    0x08000124   0x08000124   0x000000f4   Code   RO         5188    .text               context_rvds.o
    0x08000218   0x08000218   0x00000024   Code   RO         5234    .text               mc_w.l(memcpya.o)
    0x0800023c   0x0800023c   0x000000b0   Code   RO         5266    .text               mf_w.l(fadd.o)
    0x080002ec   0x080002ec   0x00000064   Code   RO         5268    .text               mf_w.l(fmul.o)
    0x08000350   0x08000350   0x0000000a   Code   RO         5272    .text               mf_w.l(ffltui.o)
    0x0800035a   0x0800035a   0x00000032   Code   RO         5274    .text               mf_w.l(ffixi.o)
    0x0800038c   0x0800038c   0x00000000   Code   RO         5295    .text               mc_w.l(iusefp.o)
    0x0800038c   0x0800038c   0x0000006e   Code   RO         5296    .text               mf_w.l(fepilogue.o)
    0x080003fa   0x080003fa   0x00000002   PAD
    0x080003fc   0x080003fc   0x00000024   Code   RO         5308    .text               mc_w.l(init.o)
    0x08000420   0x08000420   0x00000056   Code   RO         5326    .text               mc_w.l(__dczerorl2.o)
    0x08000476   0x08000476   0x0000000a   Code   RO         4215    i.$Sub$$main        components.o
    0x08000480   0x08000480   0x00000004   Code   RO         4005    i.BusFault_Handler  stm32f10x_it.o
    0x08000484   0x08000484   0x00000002   Code   RO         4006    i.DebugMon_Handler  stm32f10x_it.o
    0x08000486   0x08000486   0x00000116   Code   RO         1347    i.GPIO_Init         stm32f10x_gpio.o
    0x0800059c   0x0800059c   0x00000004   Code   RO         1354    i.GPIO_ResetBits    stm32f10x_gpio.o
    0x080005a0   0x080005a0   0x00000004   Code   RO         1355    i.GPIO_SetBits      stm32f10x_gpio.o
    0x080005a4   0x080005a4   0x00000004   Code   RO         4007    i.MemManage_Handler  stm32f10x_it.o
    0x080005a8   0x080005a8   0x00000002   Code   RO         4008    i.NMI_Handler       stm32f10x_it.o
    0x080005aa   0x080005aa   0x00000002   PAD
    0x080005ac   0x080005ac   0x00000020   Code   RO         1775    i.RCC_APB1PeriphClockCmd  stm32f10x_rcc.o
    0x080005cc   0x080005cc   0x00000020   Code   RO         1777    i.RCC_APB2PeriphClockCmd  stm32f10x_rcc.o
    0x080005ec   0x080005ec   0x00000002   Code   RO         4009    i.SVC_Handler       stm32f10x_it.o
    0x080005ee   0x080005ee   0x00000008   Code   RO           24    i.SetSysClock       system_stm32f10x.o
    0x080005f6   0x080005f6   0x00000002   PAD
    0x080005f8   0x080005f8   0x000000e0   Code   RO           25    i.SetSysClockTo72   system_stm32f10x.o
    0x080006d8   0x080006d8   0x00000010   Code   RO         3816    i.SysTick_Handler   board.o
    0x080006e8   0x080006e8   0x000000a4   Code   RO           26    i.SystemCoreClockUpdate  system_stm32f10x.o
    0x0800078c   0x0800078c   0x00000060   Code   RO           27    i.SystemInit        system_stm32f10x.o
    0x080007ec   0x080007ec   0x00000080   Code   RO         2405    i.TI1_Config        stm32f10x_tim.o
    0x0800086c   0x0800086c   0x00000098   Code   RO         2406    i.TI2_Config        stm32f10x_tim.o
    0x08000904   0x08000904   0x00000090   Code   RO         2407    i.TI3_Config        stm32f10x_tim.o
    0x08000994   0x08000994   0x00000098   Code   RO         2408    i.TI4_Config        stm32f10x_tim.o
    0x08000a2c   0x08000a2c   0x00000018   Code   RO         2421    i.TIM_Cmd           stm32f10x_tim.o
    0x08000a44   0x08000a44   0x0000001e   Code   RO         2423    i.TIM_CtrlPWMOutputs  stm32f10x_tim.o
    0x08000a62   0x08000a62   0x00000042   Code   RO         2430    i.TIM_EncoderInterfaceConfig  stm32f10x_tim.o
    0x08000aa4   0x08000aa4   0x00000006   Code   RO         2440    i.TIM_GetCounter    stm32f10x_tim.o
    0x08000aaa   0x08000aaa   0x00000002   PAD
    0x08000aac   0x08000aac   0x000000ac   Code   RO         2444    i.TIM_ICInit        stm32f10x_tim.o
    0x08000b58   0x08000b58   0x00000012   Code   RO         2445    i.TIM_ICStructInit  stm32f10x_tim.o
    0x08000b6a   0x08000b6a   0x00000002   PAD
    0x08000b6c   0x08000b6c   0x00000098   Code   RO         2450    i.TIM_OC1Init       stm32f10x_tim.o
    0x08000c04   0x08000c04   0x00000012   Code   RO         2453    i.TIM_OC1PreloadConfig  stm32f10x_tim.o
    0x08000c16   0x08000c16   0x00000002   PAD
    0x08000c18   0x08000c18   0x0000007c   Code   RO         2465    i.TIM_OC4Init       stm32f10x_tim.o
    0x08000c94   0x08000c94   0x0000001a   Code   RO         2467    i.TIM_OC4PreloadConfig  stm32f10x_tim.o
    0x08000cae   0x08000cae   0x00000004   Code   RO         2482    i.TIM_SetCompare1   stm32f10x_tim.o
    0x08000cb2   0x08000cb2   0x00000006   Code   RO         2485    i.TIM_SetCompare4   stm32f10x_tim.o
    0x08000cb8   0x08000cb8   0x00000004   Code   RO         2486    i.TIM_SetCounter    stm32f10x_tim.o
    0x08000cbc   0x08000cbc   0x00000012   Code   RO         2487    i.TIM_SetIC1Prescaler  stm32f10x_tim.o
    0x08000cce   0x08000cce   0x0000001a   Code   RO         2488    i.TIM_SetIC2Prescaler  stm32f10x_tim.o
    0x08000ce8   0x08000ce8   0x00000012   Code   RO         2489    i.TIM_SetIC3Prescaler  stm32f10x_tim.o
    0x08000cfa   0x08000cfa   0x0000001a   Code   RO         2490    i.TIM_SetIC4Prescaler  stm32f10x_tim.o
    0x08000d14   0x08000d14   0x000000a4   Code   RO         2492    i.TIM_TimeBaseInit  stm32f10x_tim.o
    0x08000db8   0x08000db8   0x00000004   Code   RO         4010    i.UsageFault_Handler  stm32f10x_it.o
    0x08000dbc   0x08000dbc   0x00000030   Code   RO         3817    i._SysTick_Config   board.o
    0x08000dec   0x08000dec   0x0000004c   Code   RO         4545    i.__rt_ffs          kservice.o
    0x08000e38   0x08000e38   0x0000000e   Code   RO         5320    i.__scatterload_copy  mc_w.l(handlers.o)
    0x08000e46   0x08000e46   0x00000002   Code   RO         5321    i.__scatterload_null  mc_w.l(handlers.o)
    0x08000e48   0x08000e48   0x0000000e   Code   RO         5322    i.__scatterload_zeroinit  mc_w.l(handlers.o)
    0x08000e56   0x08000e56   0x00000002   PAD
    0x08000e58   0x08000e58   0x00000084   Code   RO         4944    i._rt_thread_init   thread.o
    0x08000edc   0x08000edc   0x00000042   Code   RO         5076    i._rt_timer_init    timer.o
    0x08000f1e   0x08000f1e   0x0000001c   Code   RO         5077    i._rt_timer_remove  timer.o
    0x08000f3a   0x08000f3a   0x0000001c   Code   RO         4945    i._thread_cleanup_execute  thread.o
    0x08000f56   0x08000f56   0x00000002   PAD
    0x08000f58   0x08000f58   0x00000038   Code   RO         3719    i.beep_init         beep.o
    0x08000f90   0x08000f90   0x0000009c   Code   RO         3603    i.encoder_a_init    encoder.o
    0x0800102c   0x0800102c   0x0000009c   Code   RO         3604    i.encoder_b_init    encoder.o
    0x080010c8   0x080010c8   0x0000000c   Code   RO         3605    i.encoder_init      encoder.o
    0x080010d4   0x080010d4   0x00000018   Code   RO         3606    i.get_timer_cnt     encoder.o
    0x080010ec   0x080010ec   0x00000038   Code   RO         3457    i.gray_iic_init     gray.o
    0x08001124   0x08001124   0x0000000a   Code   RO         4131    i.gray_thread_entry  my_rtt.o
    0x0800112e   0x0800112e   0x00000002   PAD
    0x08001130   0x08001130   0x00000024   Code   RO         3543    i.key_init          key.o
    0x08001154   0x08001154   0x0000003c   Code   RO         3196    i.load_pwm          motor.o
    0x08001190   0x08001190   0x0000000a   Code   RO         3987    i.main              main.o
    0x0800119a   0x0800119a   0x0000000e   Code   RO         4216    i.main_thread_entry  components.o
    0x080011a8   0x080011a8   0x00000030   Code   RO         3199    i.motor_forward     motor.o
    0x080011d8   0x080011d8   0x0000002c   Code   RO         3200    i.motor_in_init     motor.o
    0x08001204   0x08001204   0x000000c0   Code   RO         3202    i.motor_pwm_init    motor.o
    0x080012c4   0x080012c4   0x00000090   Code   RO         4132    i.my_rtt_init       my_rtt.o
    0x08001354   0x08001354   0x000000b0   Code   RO         4051    i.pid_controller    control.o
    0x08001404   0x08001404   0x00000052   Code   RO         4086    i.pid_increment     pid.o
    0x08001456   0x08001456   0x00000002   PAD
    0x08001458   0x08001458   0x00000024   Code   RO         4133    i.pid_thread_entry  my_rtt.o
    0x0800147c   0x0800147c   0x00000078   Code   RO         4722    i.plug_holes        mem.o
    0x080014f4   0x080014f4   0x00000198   Code   RO         4547    i.print_number      kservice.o
    0x0800168c   0x0800168c   0x00000030   Code   RO         4217    i.rt_application_init  components.o
    0x080016bc   0x080016bc   0x0000001c   Code   RO         4218    i.rt_components_board_init  components.o
    0x080016d8   0x080016d8   0x0000001c   Code   RO         4219    i.rt_components_init  components.o
    0x080016f4   0x080016f4   0x00000020   Code   RO         4872    i.rt_enter_critical  scheduler.o
    0x08001714   0x08001714   0x00000044   Code   RO         4873    i.rt_exit_critical  scheduler.o
    0x08001758   0x08001758   0x000000e0   Code   RO         4724    i.rt_free           mem.o
    0x08001838   0x08001838   0x00000008   Code   RO         3818    i.rt_heap_begin_get  board.o
    0x08001840   0x08001840   0x00000008   Code   RO         3819    i.rt_heap_end_get   board.o
    0x08001848   0x08001848   0x00000050   Code   RO         3820    i.rt_hw_board_init  board.o
    0x08001898   0x08001898   0x00000002   Code   RO         4550    i.rt_hw_console_output  kservice.o
    0x0800189a   0x0800189a   0x00000002   PAD
    0x0800189c   0x0800189c   0x00000200   Code   RO         5195    i.rt_hw_hard_fault_exception  cpuport.o
    0x08001a9c   0x08001a9c   0x0000004c   Code   RO         5196    i.rt_hw_stack_init  cpuport.o
    0x08001ae8   0x08001ae8   0x00000020   Code   RO         4518    i.rt_interrupt_enter  irq.o
    0x08001b08   0x08001b08   0x00000020   Code   RO         4520    i.rt_interrupt_leave  irq.o
    0x08001b28   0x08001b28   0x00000014   Code   RO         4324    i.rt_ipc_list_resume  ipc.o
    0x08001b3c   0x08001b3c   0x0000006e   Code   RO         4326    i.rt_ipc_list_suspend  ipc.o
    0x08001baa   0x08001baa   0x00000010   Code   RO         4327    i.rt_ipc_object_init  ipc.o
    0x08001bba   0x08001bba   0x00000002   PAD
    0x08001bbc   0x08001bbc   0x00000030   Code   RO         4551    i.rt_kprintf        kservice.o
    0x08001bec   0x08001bec   0x00000006   Code   RO         4328    i.rt_list_init      ipc.o
    0x08001bf2   0x08001bf2   0x00000006   Code   RO         4874    i.rt_list_init      scheduler.o
    0x08001bf8   0x08001bf8   0x00000006   Code   RO         5078    i.rt_list_init      timer.o
    0x08001bfe   0x08001bfe   0x0000000e   Code   RO         4784    i.rt_list_insert_after  object.o
    0x08001c0c   0x08001c0c   0x0000000e   Code   RO         4946    i.rt_list_insert_after  thread.o
    0x08001c1a   0x08001c1a   0x0000000e   Code   RO         5079    i.rt_list_insert_after  timer.o
    0x08001c28   0x08001c28   0x0000000e   Code   RO         4329    i.rt_list_insert_before  ipc.o
    0x08001c36   0x08001c36   0x00000010   Code   RO         4330    i.rt_list_isempty   ipc.o
    0x08001c46   0x08001c46   0x00000010   Code   RO         5080    i.rt_list_isempty   timer.o
    0x08001c56   0x08001c56   0x00000012   Code   RO         4785    i.rt_list_remove    object.o
    0x08001c68   0x08001c68   0x00000012   Code   RO         4947    i.rt_list_remove    thread.o
    0x08001c7a   0x08001c7a   0x00000012   Code   RO         5081    i.rt_list_remove    timer.o
    0x08001c8c   0x08001c8c   0x0000016c   Code   RO         4725    i.rt_malloc         mem.o
    0x08001df8   0x08001df8   0x00000048   Code   RO         4557    i.rt_memset         kservice.o
    0x08001e40   0x08001e40   0x00000054   Code   RO         4786    i.rt_object_allocate  object.o
    0x08001e94   0x08001e94   0x00000024   Code   RO         4787    i.rt_object_delete  object.o
    0x08001eb8   0x08001eb8   0x0000001e   Code   RO         4788    i.rt_object_detach  object.o
    0x08001ed6   0x08001ed6   0x00000002   PAD
    0x08001ed8   0x08001ed8   0x00000028   Code   RO         4790    i.rt_object_get_information  object.o
    0x08001f00   0x08001f00   0x00000056   Code   RO         4794    i.rt_object_init    object.o
    0x08001f56   0x08001f56   0x00000012   Code   RO         4795    i.rt_object_is_systemobject  object.o
    0x08001f68   0x08001f68   0x00000084   Code   RO         4875    i.rt_schedule       scheduler.o
    0x08001fec   0x08001fec   0x00000050   Code   RO         4876    i.rt_schedule_insert_thread  scheduler.o
    0x0800203c   0x0800203c   0x00000054   Code   RO         4877    i.rt_schedule_remove_thread  scheduler.o
    0x08002090   0x08002090   0x00000026   Code   RO         4352    i.rt_sem_init       ipc.o
    0x080020b6   0x080020b6   0x00000052   Code   RO         4353    i.rt_sem_release    ipc.o
    0x08002108   0x08002108   0x00000074   Code   RO         4354    i.rt_sem_take       ipc.o
    0x0800217c   0x0800217c   0x000000b0   Code   RO         4559    i.rt_show_version   kservice.o
    0x0800222c   0x0800222c   0x00000034   Code   RO         4567    i.rt_strncpy        kservice.o
    0x08002260   0x08002260   0x000000f8   Code   RO         4728    i.rt_system_heap_init  mem.o
    0x08002358   0x08002358   0x0000004c   Code   RO         4878    i.rt_system_scheduler_init  scheduler.o
    0x080023a4   0x080023a4   0x00000030   Code   RO         4879    i.rt_system_scheduler_start  scheduler.o
    0x080023d4   0x080023d4   0x0000001c   Code   RO         5082    i.rt_system_timer_init  timer.o
    0x080023f0   0x080023f0   0x00000002   Code   RO         5083    i.rt_system_timer_thread_init  timer.o
    0x080023f2   0x080023f2   0x00000050   Code   RO         4949    i.rt_thread_create  thread.o
    0x08002442   0x08002442   0x0000000c   Code   RO         4950    i.rt_thread_delay   thread.o
    0x0800244e   0x0800244e   0x00000002   PAD
    0x08002450   0x08002450   0x00000058   Code   RO         4954    i.rt_thread_exit    thread.o
    0x080024a8   0x080024a8   0x00000008   Code   RO         4289    i.rt_thread_idle_entry  idle.o
    0x080024b0   0x080024b0   0x00000060   Code   RO         4290    i.rt_thread_idle_excute  idle.o
    0x08002510   0x08002510   0x0000003c   Code   RO         4292    i.rt_thread_idle_init  idle.o
    0x0800254c   0x0800254c   0x00000034   Code   RO         4956    i.rt_thread_init    thread.o
    0x08002580   0x08002580   0x0000003c   Code   RO         4958    i.rt_thread_resume  thread.o
    0x080025bc   0x080025bc   0x0000000c   Code   RO         4959    i.rt_thread_self    thread.o
    0x080025c8   0x080025c8   0x00000044   Code   RO         4960    i.rt_thread_sleep   thread.o
    0x0800260c   0x0800260c   0x0000002c   Code   RO         4961    i.rt_thread_startup  thread.o
    0x08002638   0x08002638   0x00000044   Code   RO         4962    i.rt_thread_suspend  thread.o
    0x0800267c   0x0800267c   0x00000020   Code   RO         4963    i.rt_thread_timeout  thread.o
    0x0800269c   0x0800269c   0x00000064   Code   RO         4964    i.rt_thread_yield   thread.o
    0x08002700   0x08002700   0x0000000c   Code   RO         4161    i.rt_tick_get       clock.o
    0x0800270c   0x0800270c   0x00000030   Code   RO         4162    i.rt_tick_increase  clock.o
    0x0800273c   0x0800273c   0x000000a4   Code   RO         5084    i.rt_timer_check    timer.o
    0x080027e0   0x080027e0   0x00000062   Code   RO         5085    i.rt_timer_control  timer.o
    0x08002842   0x08002842   0x00000028   Code   RO         5088    i.rt_timer_detach   timer.o
    0x0800286a   0x0800286a   0x0000002e   Code   RO         5089    i.rt_timer_init     timer.o
    0x08002898   0x08002898   0x000000ec   Code   RO         5092    i.rt_timer_start    timer.o
    0x08002984   0x08002984   0x00000030   Code   RO         5093    i.rt_timer_stop     timer.o
    0x080029b4   0x080029b4   0x00000340   Code   RO         4570    i.rt_vsnprintf      kservice.o
    0x08002cf4   0x08002cf4   0x00000004   Code   RO         4220    i.rti_board_end     components.o
    0x08002cf8   0x08002cf8   0x00000004   Code   RO         4221    i.rti_board_start   components.o
    0x08002cfc   0x08002cfc   0x00000004   Code   RO         4222    i.rti_end           components.o
    0x08002d00   0x08002d00   0x00000004   Code   RO         4223    i.rti_start         components.o
    0x08002d04   0x08002d04   0x0000002a   Code   RO         4224    i.rtthread_startup  components.o
    0x08002d2e   0x08002d2e   0x00000026   Code   RO         4572    i.skip_atoi         kservice.o
    0x08002d54   0x08002d54   0x00000122   Data   RO         4574    .constdata          kservice.o
    0x08002e76   0x08002e76   0x00000002   PAD
    0x08002e78   0x08002e78   0x00000004   Data   RO         4225    .rti_fn.0           components.o
    0x08002e7c   0x08002e7c   0x00000004   Data   RO         4226    .rti_fn.0.end       components.o
    0x08002e80   0x08002e80   0x00000004   Data   RO         4227    .rti_fn.1.end       components.o
    0x08002e84   0x08002e84   0x00000004   Data   RO         4228    .rti_fn.6.end       components.o
    0x08002e88   0x08002e88   0x00000020   Data   RO         5318    Region$$Table       anon$$obj.o


    Execution Region RW_IRAM1 (Exec base: 0x20000000, Load base: 0x08002ea8, Size: 0x00001878, Max: 0x00005000, ABSOLUTE, COMPRESSED[0x0000006c])

    Exec Addr    Load Addr    Size         Type   Attr      Idx    E Section Name        Object

    0x20000000   COMPRESSED   0x00000014   Data   RW           28    .data               system_stm32f10x.o
    0x20000014   COMPRESSED   0x00000094   Data   RW         4052    .data               control.o
    0x200000a8   COMPRESSED   0x00000010   Data   RW         4134    .data               my_rtt.o
    0x200000b8   COMPRESSED   0x00000004   Data   RW         4164    .data               clock.o
    0x200000bc   COMPRESSED   0x00000001   Data   RW         4521    .data               irq.o
    0x200000bd   COMPRESSED   0x00000003   PAD
    0x200000c0   COMPRESSED   0x00000018   Data   RW         4730    .data               mem.o
    0x200000d8   COMPRESSED   0x00000050   Data   RW         4797    .data               object.o
    0x20000128   COMPRESSED   0x00000018   Data   RW         4881    .data               scheduler.o
    0x20000140   COMPRESSED   0x0000000c   Data   RW         5094    .data               timer.o
    0x2000014c   COMPRESSED   0x00000010   Data   RW         5197    .data               cpuport.o
    0x2000015c        -       0x00001000   Zero   RW         3821    .bss                board.o
    0x2000115c        -       0x00000178   Zero   RW         4293    .bss                idle.o
    0x200012d4        -       0x00000080   Zero   RW         4573    .bss                kservice.o
    0x20001354        -       0x00000020   Zero   RW         4729    .bss                mem.o
    0x20001374        -       0x00000100   Zero   RW         4880    .bss                scheduler.o
    0x20001474   COMPRESSED   0x00000004   PAD
    0x20001478        -       0x00000400   Zero   RW            1    STACK               startup_stm32f10x_md.o


==============================================================================

Image component sizes


      Code (inc. data)   RO Data    RW Data    ZI Data      Debug   Object Name

        56          6          0          0          0        448   beep.o
       160         18          0          0       4096       8543   board.o
        60         12          0          4          0       6213   clock.o
       186         30         16          0          0       5188   components.o
       244         28          0          0          0        744   context_rvds.o
       176         34          0        148          0       1809   control.o
         0          0          0          0          0       4500   core_cm3.o
       588        328          0         16          0       3102   cpuport.o
       348         16          0          0          0     233029   encoder.o
        56          6          0          0          0        456   gray.o
       164         26          0          0        376       4778   idle.o
       418          0          0          0          0       7765   ipc.o
        64         12          0          1          0       1382   irq.o
        36          4          0          0          0        435   key.o
      1704        164        290          0        128       8183   kservice.o
        10          0          0          0          0        407   main.o
       956        224          0         24         32       3584   mem.o
         0          0          0          0          0     201656   misc.o
       344         20          0          0          0      30752   motor.o
       190         52          0         16          0       1640   my_rtt.o
       326          4          0         80          0       7680   object.o
        82          0          0          0          0        608   pid.o
       526         90          0         24        256       7842   scheduler.o
        36          8        236          0       1024        788   startup_stm32f10x_md.o
       286          0          0          0          0      11064   stm32f10x_gpio.o
        18          0          0          0          0       2343   stm32f10x_it.o
        64         12          0          0          0       1018   stm32f10x_rcc.o
      1478        180          0          0          0      33183   stm32f10x_tim.o
       492         50          0         20          0      10857   system_stm32f10x.o
       808         38          0          0          0      11451   thread.o
       810         24          0         12          0      10680   timer.o
         0          0          0          0          0        560   usart.o

    ----------------------------------------------------------------------
     10710       1386        576        348       5916     622688   Object Totals
         0          0         32          0          0          0   (incl. Generated)
        24          0          2          3          4          0   (incl. Padding)

    ----------------------------------------------------------------------

      Code (inc. data)   RO Data    RW Data    ZI Data      Debug   Library Member Name

        86          0          0          0          0          0   __dczerorl2.o
         0          0          0          0          0          0   entry.o
         0          0          0          0          0          0   entry10a.o
         0          0          0          0          0          0   entry11a.o
         8          4          0          0          0          0   entry2.o
         4          0          0          0          0          0   entry5.o
         0          0          0          0          0          0   entry7b.o
         0          0          0          0          0          0   entry8b.o
         8          4          0          0          0          0   entry9a.o
        30          0          0          0          0          0   handlers.o
        36          8          0          0          0         68   init.o
         0          0          0          0          0          0   iusefp.o
        36          0          0          0          0         68   memcpya.o
       176          0          0          0          0        140   fadd.o
       110          0          0          0          0        168   fepilogue.o
        50          0          0          0          0         68   ffixi.o
        10          0          0          0          0         68   ffltui.o
       100          0          0          0          0         76   fmul.o

    ----------------------------------------------------------------------
       658         16          0          0          0        656   Library Totals
         4          0          0          0          0          0   (incl. Padding)

    ----------------------------------------------------------------------

      Code (inc. data)   RO Data    RW Data    ZI Data      Debug   Library Name

       208         16          0          0          0        136   mc_w.l
       446          0          0          0          0        520   mf_w.l

    ----------------------------------------------------------------------
       658         16          0          0          0        656   Library Totals

    ----------------------------------------------------------------------

==============================================================================


      Code (inc. data)   RO Data    RW Data    ZI Data      Debug   

     11368       1402        576        348       5916     616036   Grand Totals
     11368       1402        576        108       5916     616036   ELF Image Totals (compressed)
     11368       1402        576        108          0          0   ROM Totals

==============================================================================

    Total RO  Size (Code + RO Data)                11944 (  11.66kB)
    Total RW  Size (RW Data + ZI Data)              6264 (   6.12kB)
    Total ROM Size (Code + RO Data + RW Data)      12052 (  11.77kB)

==============================================================================

